Component: ARM Compiler 5.06 update 6 (build 750) Tool: armlink [4d35ed]

==============================================================================

Section Cross References

    main.o(i.main) refers to _printf_percent.o(.ARM.Collect$$_printf_percent$$00000000) for _printf_percent
    main.o(i.main) refers to _printf_d.o(.ARM.Collect$$_printf_percent$$00000009) for _printf_d
    main.o(i.main) refers to _printf_dec.o(.text) for _printf_int_dec
    main.o(i.main) refers to main.o(.text.SetSysClock_80MHz) for SetSysClock_80MHz
    main.o(i.main) refers to main.o(i.U0_GPIO) for U0_GPIO
    main.o(i.main) refers to main.o(i.adc_setup) for adc_setup
    main.o(i.main) refers to main.o(i.U0_Setup) for U0_Setup
    main.o(i.main) refers to main.o(i.write) for write
    main.o(i.main) refers to rt_memcpy_w.o(.text) for __aeabi_memcpy4
    main.o(i.main) refers to strlen.o(.text) for strlen
    main.o(i.main) refers to main.o(i.read_adc_0) for read_adc_0
    main.o(i.main) refers to dflt_clz.o(x$fpl$dflt) for __aeabi_i2d
    main.o(i.main) refers to round.o(i.__hardfp_round) for __hardfp_round
    main.o(i.main) refers to dfix.o(x$fpl$dfix) for __aeabi_d2iz
    main.o(i.main) refers to main.o(i.read_adc_1) for read_adc_1
    main.o(i.main) refers to main.o(i.contact) for contact
    main.o(i.main) refers to main.o(i.print_game) for print_game
    main.o(i.main) refers to main.o(i.reset) for reset
    main.o(i.main) refers to main.o(i.print_uart) for print_uart
    main.o(i.main) refers to main.o(i.led_scores) for led_scores
    main.o(i.main) refers to main.o(i.delay) for delay
    main.o(i.main) refers to noretval__2sprintf.o(.text) for __2sprintf
    main.o(i.main) refers to main.o(.constdata) for .constdata
    main.o(i.print_game) refers to main.o(i.write) for write
    main.o(i.print_uart) refers to _printf_percent.o(.ARM.Collect$$_printf_percent$$00000000) for _printf_percent
    main.o(i.print_uart) refers to _printf_d.o(.ARM.Collect$$_printf_percent$$00000009) for _printf_d
    main.o(i.print_uart) refers to _printf_dec.o(.text) for _printf_int_dec
    main.o(i.print_uart) refers to main.o(i.write) for write
    main.o(i.print_uart) refers to noretval__2sprintf.o(.text) for __2sprintf
    main.o(i.print_uart) refers to strlen.o(.text) for strlen
    startup_tm4c123.o(STACK) refers (Special) to heapauxi.o(.text) for __use_two_region_memory
    startup_tm4c123.o(HEAP) refers (Special) to heapauxi.o(.text) for __use_two_region_memory
    startup_tm4c123.o(RESET) refers (Special) to heapauxi.o(.text) for __use_two_region_memory
    startup_tm4c123.o(RESET) refers to startup_tm4c123.o(STACK) for __initial_sp
    startup_tm4c123.o(RESET) refers to startup_tm4c123.o(.text) for Reset_Handler
    startup_tm4c123.o(.text) refers (Special) to heapauxi.o(.text) for __use_two_region_memory
    startup_tm4c123.o(.text) refers to system_tm4c123.o(i.SystemInit) for SystemInit
    startup_tm4c123.o(.text) refers to __main.o(!!!main) for __main
    startup_tm4c123.o(.text) refers to startup_tm4c123.o(HEAP) for Heap_Mem
    startup_tm4c123.o(.text) refers to startup_tm4c123.o(STACK) for Stack_Mem
    system_tm4c123.o(i.SystemCoreClockUpdate) refers to system_tm4c123.o(i.getOscClk) for getOscClk
    system_tm4c123.o(i.SystemCoreClockUpdate) refers to system_tm4c123.o(.data) for SystemCoreClock
    main.o(.text.SetSysClock_80MHz) refers to sysctl.o(i.SysCtlClockSet) for SysCtlClockSet
    main.o(.ARM.exidx.text.SetSysClock_80MHz) refers to main.o(.text.SetSysClock_80MHz) for [Anonymous Symbol]
    sysctl.o(i.SysCtlClockFreqSet) refers to sysctl.o(.constdata) for .constdata
    sysctl.o(i.SysCtlClockGet) refers to sysctl.o(.constdata) for .constdata
    sysctl.o(i.SysCtlClockSet) refers to sysctl.o(.emb_text) for SysCtlDelay
    sysctl.o(i.SysCtlDeepSleep) refers to cpu.o(.emb_text) for CPUwfi
    sysctl.o(i.SysCtlIntRegister) refers to interrupt.o(i.IntRegister) for IntRegister
    sysctl.o(i.SysCtlIntRegister) refers to interrupt.o(i.IntEnable) for IntEnable
    sysctl.o(i.SysCtlIntUnregister) refers to interrupt.o(i.IntDisable) for IntDisable
    sysctl.o(i.SysCtlIntUnregister) refers to interrupt.o(i.IntUnregister) for IntUnregister
    sysctl.o(i.SysCtlSleep) refers to cpu.o(.emb_text) for CPUwfi
    sysctl.o(i.SysCtlVCOGet) refers to sysctl.o(.constdata) for .constdata
    interrupt.o(i.IntDisable) refers to interrupt.o(.constdata) for .constdata
    interrupt.o(i.IntEnable) refers to interrupt.o(.constdata) for .constdata
    interrupt.o(i.IntIsEnabled) refers to interrupt.o(.constdata) for .constdata
    interrupt.o(i.IntMasterDisable) refers to cpu.o(.emb_text) for CPUcpsid
    interrupt.o(i.IntMasterEnable) refers to cpu.o(.emb_text) for CPUcpsie
    interrupt.o(i.IntPendClear) refers to interrupt.o(.constdata) for .constdata
    interrupt.o(i.IntPendSet) refers to interrupt.o(.constdata) for .constdata
    interrupt.o(i.IntPriorityGet) refers to interrupt.o(.constdata) for .constdata
    interrupt.o(i.IntPriorityGroupingGet) refers to interrupt.o(.constdata) for .constdata
    interrupt.o(i.IntPriorityGroupingSet) refers to interrupt.o(.constdata) for .constdata
    interrupt.o(i.IntPriorityMaskGet) refers to cpu.o(.emb_text) for CPUbasepriGet
    interrupt.o(i.IntPriorityMaskSet) refers to cpu.o(.emb_text) for CPUbasepriSet
    interrupt.o(i.IntPrioritySet) refers to interrupt.o(.constdata) for .constdata
    interrupt.o(i.IntRegister) refers to interrupt.o(vtable) for vtable
    interrupt.o(i.IntUnregister) refers to interrupt.o(i._IntDefaultHandler) for _IntDefaultHandler
    interrupt.o(i.IntUnregister) refers to interrupt.o(vtable) for vtable
    __2sprintf.o(.text) refers to _printf_char_common.o(.text) for _printf_char_common
    __2sprintf.o(.text) refers to _sputc.o(.text) for _sputc
    noretval__2sprintf.o(.text) refers to _printf_char_common.o(.text) for _printf_char_common
    noretval__2sprintf.o(.text) refers to _sputc.o(.text) for _sputc
    __printf.o(.text) refers to _printf_percent.o(.ARM.Collect$$_printf_percent$$00000000) for _printf_percent
    _printf_dec.o(.text) refers to _printf_intcommon.o(.text) for _printf_int_common
    __printf_flags.o(.text) refers to _printf_percent.o(.ARM.Collect$$_printf_percent$$00000000) for _printf_percent
    __printf_flags.o(.text) refers to __printf_flags.o(.constdata) for .constdata
    __printf_ss.o(.text) refers to _printf_percent.o(.ARM.Collect$$_printf_percent$$00000000) for _printf_percent
    __printf_flags_ss.o(.text) refers to _printf_percent.o(.ARM.Collect$$_printf_percent$$00000000) for _printf_percent
    __printf_flags_ss.o(.text) refers to __printf_flags_ss.o(.constdata) for .constdata
    __printf_wp.o(.text) refers to __printf_wp.o(i._is_digit) for _is_digit
    __printf_wp.o(.text) refers to _printf_percent.o(.ARM.Collect$$_printf_percent$$00000000) for _printf_percent
    __printf_flags_wp.o(.text) refers to __printf_wp.o(i._is_digit) for _is_digit
    __printf_flags_wp.o(.text) refers to _printf_percent.o(.ARM.Collect$$_printf_percent$$00000000) for _printf_percent
    __printf_flags_wp.o(.text) refers to __printf_flags_wp.o(.constdata) for .constdata
    __printf_ss_wp.o(.text) refers to __printf_wp.o(i._is_digit) for _is_digit
    __printf_ss_wp.o(.text) refers to _printf_percent.o(.ARM.Collect$$_printf_percent$$00000000) for _printf_percent
    __printf_flags_ss_wp.o(.text) refers to __printf_wp.o(i._is_digit) for _is_digit
    __printf_flags_ss_wp.o(.text) refers to _printf_percent.o(.ARM.Collect$$_printf_percent$$00000000) for _printf_percent
    __printf_flags_ss_wp.o(.text) refers to __printf_flags_ss_wp.o(.constdata) for .constdata
    _printf_d.o(.ARM.Collect$$_printf_percent$$00000009) refers (Weak) to _printf_dec.o(.text) for _printf_int_dec
    _printf_percent.o(.ARM.Collect$$_printf_percent$$00000000) refers (Special) to _printf_percent_end.o(.ARM.Collect$$_printf_percent$$00000017) for _printf_percent_end
    __main.o(!!!main) refers to __rtentry.o(.ARM.Collect$$rtentry$$00000000) for __rt_entry
    dfix.o(x$fpl$dfix) refers (Special) to usenofp.o(x$fpl$usenofp) for __I$use$fp
    dfix.o(x$fpl$dfix) refers to dnaninf.o(x$fpl$dnaninf) for __fpl_dnaninf
    dfix.o(x$fpl$dfixr) refers (Special) to usenofp.o(x$fpl$usenofp) for __I$use$fp
    dfix.o(x$fpl$dfixr) refers to dnaninf.o(x$fpl$dnaninf) for __fpl_dnaninf
    dflt_clz.o(x$fpl$dfltu) refers (Special) to usenofp.o(x$fpl$usenofp) for __I$use$fp
    dflt_clz.o(x$fpl$dflt) refers (Special) to usenofp.o(x$fpl$usenofp) for __I$use$fp
    dflt_clz.o(x$fpl$dfltn) refers (Special) to usenofp.o(x$fpl$usenofp) for __I$use$fp
    round.o(i.__hardfp_round) refers (Special) to usenofp.o(x$fpl$usenofp) for __I$use$fp
    round.o(i.__hardfp_round) refers to drnd.o(x$fpl$drnd) for _drnd
    round.o(i.__hardfp_round) refers to daddsub_clz.o(x$fpl$dsub) for __aeabi_dsub
    round.o(i.__hardfp_round) refers to dleqf.o(x$fpl$dleqf) for __aeabi_cdcmple
    round.o(i.__hardfp_round) refers to drleqf.o(x$fpl$drleqf) for __aeabi_cdrcmple
    round.o(i.__hardfp_round) refers to daddsub_clz.o(x$fpl$dadd) for __aeabi_dadd
    round.o(i.round) refers (Special) to usenofp.o(x$fpl$usenofp) for __I$use$fp
    round.o(i.round) refers to drnd.o(x$fpl$drnd) for _drnd
    round.o(i.round) refers to daddsub_clz.o(x$fpl$dsub) for __aeabi_dsub
    round.o(i.round) refers to dleqf.o(x$fpl$dleqf) for __aeabi_cdcmple
    round.o(i.round) refers to drleqf.o(x$fpl$drleqf) for __aeabi_cdrcmple
    round.o(i.round) refers to daddsub_clz.o(x$fpl$dadd) for __aeabi_dadd
    __rtentry.o(.ARM.Collect$$rtentry$$00000000) refers (Special) to __rtentry2.o(.ARM.Collect$$rtentry$$0000000A) for __rt_entry_li
    __rtentry.o(.ARM.Collect$$rtentry$$00000000) refers (Special) to __rtentry2.o(.ARM.Collect$$rtentry$$0000000D) for __rt_entry_main
    __rtentry.o(.ARM.Collect$$rtentry$$00000000) refers (Special) to __rtentry2.o(.ARM.Collect$$rtentry$$0000000C) for __rt_entry_postli_1
    __rtentry.o(.ARM.Collect$$rtentry$$00000000) refers (Special) to __rtentry2.o(.ARM.Collect$$rtentry$$00000009) for __rt_entry_postsh_1
    __rtentry.o(.ARM.Collect$$rtentry$$00000000) refers (Special) to __rtentry2.o(.ARM.Collect$$rtentry$$00000002) for __rt_entry_presh_1
    __rtentry.o(.ARM.Collect$$rtentry$$00000000) refers (Special) to __rtentry4.o(.ARM.Collect$$rtentry$$00000004) for __rt_entry_sh
    _printf_char_common.o(.text) refers to __printf.o(.text) for __printf
    daddsub_clz.o(x$fpl$dadd) refers (Special) to usenofp.o(x$fpl$usenofp) for __I$use$fp
    daddsub_clz.o(x$fpl$dadd) refers to daddsub_clz.o(x$fpl$dsub) for _dsub1
    daddsub_clz.o(x$fpl$dadd) refers to dretinf.o(x$fpl$dretinf) for __fpl_dretinf
    daddsub_clz.o(x$fpl$dadd) refers to dnaninf.o(x$fpl$dnaninf) for __fpl_dnaninf
    daddsub_clz.o(x$fpl$drsb) refers (Special) to usenofp.o(x$fpl$usenofp) for __I$use$fp
    daddsub_clz.o(x$fpl$drsb) refers to daddsub_clz.o(x$fpl$dadd) for _dadd1
    daddsub_clz.o(x$fpl$drsb) refers to daddsub_clz.o(x$fpl$dsub) for _dsub1
    daddsub_clz.o(x$fpl$dsub) refers (Special) to usenofp.o(x$fpl$usenofp) for __I$use$fp
    daddsub_clz.o(x$fpl$dsub) refers to daddsub_clz.o(x$fpl$dadd) for _dadd1
    daddsub_clz.o(x$fpl$dsub) refers to dnaninf.o(x$fpl$dnaninf) for __fpl_dnaninf
    dleqf.o(x$fpl$dleqf) refers (Special) to usenofp.o(x$fpl$usenofp) for __I$use$fp
    dleqf.o(x$fpl$dleqf) refers to dnaninf.o(x$fpl$dnaninf) for __fpl_dnaninf
    dleqf.o(x$fpl$dleqf) refers to dcmpi.o(x$fpl$dcmpinf) for __fpl_dcmp_Inf
    dnaninf.o(x$fpl$dnaninf) refers (Special) to usenofp.o(x$fpl$usenofp) for __I$use$fp
    drleqf.o(x$fpl$drleqf) refers (Special) to usenofp.o(x$fpl$usenofp) for __I$use$fp
    drleqf.o(x$fpl$drleqf) refers to dleqf.o(x$fpl$dleqf) for __fpl_dcmple_InfNaN
    drnd.o(x$fpl$drnd) refers (Special) to usenofp.o(x$fpl$usenofp) for __I$use$fp
    drnd.o(x$fpl$drnd) refers to dnaninf.o(x$fpl$dnaninf) for __fpl_dnaninf
    __rtentry2.o(.ARM.Collect$$rtentry$$00000008) refers to boardinit2.o(.text) for _platform_post_stackheap_init
    __rtentry2.o(.ARM.Collect$$rtentry$$0000000A) refers to libinit.o(.ARM.Collect$$libinit$$00000000) for __rt_lib_init
    __rtentry2.o(.ARM.Collect$$rtentry$$0000000B) refers to boardinit3.o(.text) for _platform_post_lib_init
    __rtentry2.o(.ARM.Collect$$rtentry$$0000000D) refers to main.o(i.main) for main
    __rtentry2.o(.ARM.Collect$$rtentry$$0000000D) refers to exit.o(.text) for exit
    __rtentry2.o(.ARM.exidx) refers to __rtentry2.o(.ARM.Collect$$rtentry$$00000001) for .ARM.Collect$$rtentry$$00000001
    __rtentry2.o(.ARM.exidx) refers to __rtentry2.o(.ARM.Collect$$rtentry$$00000008) for .ARM.Collect$$rtentry$$00000008
    __rtentry2.o(.ARM.exidx) refers to __rtentry2.o(.ARM.Collect$$rtentry$$0000000A) for .ARM.Collect$$rtentry$$0000000A
    __rtentry2.o(.ARM.exidx) refers to __rtentry2.o(.ARM.Collect$$rtentry$$0000000B) for .ARM.Collect$$rtentry$$0000000B
    __rtentry2.o(.ARM.exidx) refers to __rtentry2.o(.ARM.Collect$$rtentry$$0000000D) for .ARM.Collect$$rtentry$$0000000D
    __rtentry4.o(.ARM.Collect$$rtentry$$00000004) refers to sys_stackheap_outer.o(.text) for __user_setup_stackheap
    __rtentry4.o(.ARM.exidx) refers to __rtentry4.o(.ARM.Collect$$rtentry$$00000004) for .ARM.Collect$$rtentry$$00000004
    dcmpi.o(x$fpl$dcmpinf) refers (Special) to usenofp.o(x$fpl$usenofp) for __I$use$fp
    dretinf.o(x$fpl$dretinf) refers (Special) to usenofp.o(x$fpl$usenofp) for __I$use$fp
    sys_stackheap_outer.o(.text) refers to libspace.o(.text) for __user_perproc_libspace
    sys_stackheap_outer.o(.text) refers to startup_tm4c123.o(.text) for __user_initial_stackheap
    exit.o(.text) refers to rtexit.o(.ARM.Collect$$rtexit$$00000000) for __rt_exit
    libinit.o(.ARM.Collect$$libinit$$00000000) refers (Special) to libinit2.o(.ARM.Collect$$libinit$$0000002E) for __rt_lib_init_alloca_1
    libinit.o(.ARM.Collect$$libinit$$00000000) refers (Special) to libinit2.o(.ARM.Collect$$libinit$$0000002C) for __rt_lib_init_argv_1
    libinit.o(.ARM.Collect$$libinit$$00000000) refers (Special) to libinit2.o(.ARM.Collect$$libinit$$0000001B) for __rt_lib_init_atexit_1
    libinit.o(.ARM.Collect$$libinit$$00000000) refers (Special) to libinit2.o(.ARM.Collect$$libinit$$00000021) for __rt_lib_init_clock_1
    libinit.o(.ARM.Collect$$libinit$$00000000) refers (Special) to libinit2.o(.ARM.Collect$$libinit$$00000032) for __rt_lib_init_cpp_1
    libinit.o(.ARM.Collect$$libinit$$00000000) refers (Special) to libinit2.o(.ARM.Collect$$libinit$$00000030) for __rt_lib_init_exceptions_1
    libinit.o(.ARM.Collect$$libinit$$00000000) refers (Special) to libinit2.o(.ARM.Collect$$libinit$$00000001) for __rt_lib_init_fp_1
    libinit.o(.ARM.Collect$$libinit$$00000000) refers (Special) to libinit2.o(.ARM.Collect$$libinit$$0000001F) for __rt_lib_init_fp_trap_1
    libinit.o(.ARM.Collect$$libinit$$00000000) refers (Special) to libinit2.o(.ARM.Collect$$libinit$$00000023) for __rt_lib_init_getenv_1
    libinit.o(.ARM.Collect$$libinit$$00000000) refers (Special) to libinit2.o(.ARM.Collect$$libinit$$0000000A) for __rt_lib_init_heap_1
    libinit.o(.ARM.Collect$$libinit$$00000000) refers (Special) to libinit2.o(.ARM.Collect$$libinit$$00000011) for __rt_lib_init_lc_collate_1
    libinit.o(.ARM.Collect$$libinit$$00000000) refers (Special) to libinit2.o(.ARM.Collect$$libinit$$00000013) for __rt_lib_init_lc_ctype_1
    libinit.o(.ARM.Collect$$libinit$$00000000) refers (Special) to libinit2.o(.ARM.Collect$$libinit$$00000015) for __rt_lib_init_lc_monetary_1
    libinit.o(.ARM.Collect$$libinit$$00000000) refers (Special) to libinit2.o(.ARM.Collect$$libinit$$00000017) for __rt_lib_init_lc_numeric_1
    libinit.o(.ARM.Collect$$libinit$$00000000) refers (Special) to libinit2.o(.ARM.Collect$$libinit$$00000019) for __rt_lib_init_lc_time_1
    libinit.o(.ARM.Collect$$libinit$$00000000) refers (Special) to libinit2.o(.ARM.Collect$$libinit$$00000004) for __rt_lib_init_preinit_1
    libinit.o(.ARM.Collect$$libinit$$00000000) refers (Special) to libinit2.o(.ARM.Collect$$libinit$$0000000E) for __rt_lib_init_rand_1
    libinit.o(.ARM.Collect$$libinit$$00000000) refers (Special) to libinit2.o(.ARM.Collect$$libinit$$00000033) for __rt_lib_init_return
    libinit.o(.ARM.Collect$$libinit$$00000000) refers (Special) to libinit2.o(.ARM.Collect$$libinit$$0000001D) for __rt_lib_init_signal_1
    libinit.o(.ARM.Collect$$libinit$$00000000) refers (Special) to libinit2.o(.ARM.Collect$$libinit$$00000025) for __rt_lib_init_stdio_1
    libinit.o(.ARM.Collect$$libinit$$00000000) refers (Special) to libinit2.o(.ARM.Collect$$libinit$$0000000C) for __rt_lib_init_user_alloc_1
    libspace.o(.text) refers to libspace.o(.bss) for __libspace_start
    rtexit.o(.ARM.Collect$$rtexit$$00000000) refers (Special) to rtexit2.o(.ARM.Collect$$rtexit$$00000004) for __rt_exit_exit
    rtexit.o(.ARM.Collect$$rtexit$$00000000) refers (Special) to rtexit2.o(.ARM.Collect$$rtexit$$00000003) for __rt_exit_ls
    rtexit.o(.ARM.Collect$$rtexit$$00000000) refers (Special) to rtexit2.o(.ARM.Collect$$rtexit$$00000002) for __rt_exit_prels_1
    rtexit.o(.ARM.exidx) refers (Special) to rtexit2.o(.ARM.Collect$$rtexit$$00000004) for __rt_exit_exit
    rtexit.o(.ARM.exidx) refers (Special) to rtexit2.o(.ARM.Collect$$rtexit$$00000003) for __rt_exit_ls
    rtexit.o(.ARM.exidx) refers (Special) to rtexit2.o(.ARM.Collect$$rtexit$$00000002) for __rt_exit_prels_1
    rtexit.o(.ARM.exidx) refers to rtexit.o(.ARM.Collect$$rtexit$$00000000) for .ARM.Collect$$rtexit$$00000000
    libinit2.o(.ARM.Collect$$libinit$$00000001) refers to fpinit.o(x$fpl$fpinit) for _fp_init
    libinit2.o(.ARM.Collect$$libinit$$00000010) refers to libinit2.o(.ARM.Collect$$libinit$$0000000F) for .ARM.Collect$$libinit$$0000000F
    libinit2.o(.ARM.Collect$$libinit$$00000012) refers to libinit2.o(.ARM.Collect$$libinit$$0000000F) for .ARM.Collect$$libinit$$0000000F
    libinit2.o(.ARM.Collect$$libinit$$00000014) refers to libinit2.o(.ARM.Collect$$libinit$$0000000F) for .ARM.Collect$$libinit$$0000000F
    libinit2.o(.ARM.Collect$$libinit$$00000016) refers to libinit2.o(.ARM.Collect$$libinit$$0000000F) for .ARM.Collect$$libinit$$0000000F
    libinit2.o(.ARM.Collect$$libinit$$00000018) refers to libinit2.o(.ARM.Collect$$libinit$$0000000F) for .ARM.Collect$$libinit$$0000000F
    libinit2.o(.ARM.Collect$$libinit$$00000026) refers to argv_veneer.o(.emb_text) for __ARM_argv_veneer
    libinit2.o(.ARM.Collect$$libinit$$00000027) refers to argv_veneer.o(.emb_text) for __ARM_argv_veneer
    rtexit2.o(.ARM.Collect$$rtexit$$00000003) refers to libshutdown.o(.ARM.Collect$$libshutdown$$00000000) for __rt_lib_shutdown
    rtexit2.o(.ARM.Collect$$rtexit$$00000004) refers to sys_exit.o(.text) for _sys_exit
    rtexit2.o(.ARM.exidx) refers to rtexit2.o(.ARM.Collect$$rtexit$$00000001) for .ARM.Collect$$rtexit$$00000001
    rtexit2.o(.ARM.exidx) refers to rtexit2.o(.ARM.Collect$$rtexit$$00000003) for .ARM.Collect$$rtexit$$00000003
    rtexit2.o(.ARM.exidx) refers to rtexit2.o(.ARM.Collect$$rtexit$$00000004) for .ARM.Collect$$rtexit$$00000004
    argv_veneer.o(.emb_text) refers to no_argv.o(.text) for __ARM_get_argv
    sys_exit.o(.text) refers (Special) to use_no_semi.o(.text) for __I$use$semihosting
    sys_exit.o(.text) refers (Special) to indicate_semi.o(.text) for __semihosting_library_function
    _get_argv_nomalloc.o(.text) refers (Special) to hrguard.o(.text) for __heap_region$guard
    _get_argv_nomalloc.o(.text) refers to defsig_rtmem_outer.o(.text) for __rt_SIGRTMEM
    _get_argv_nomalloc.o(.text) refers to sys_command.o(.text) for _sys_command_string
    libshutdown.o(.ARM.Collect$$libshutdown$$00000000) refers (Special) to libshutdown2.o(.ARM.Collect$$libshutdown$$00000002) for __rt_lib_shutdown_cpp_1
    libshutdown.o(.ARM.Collect$$libshutdown$$00000000) refers (Special) to libshutdown2.o(.ARM.Collect$$libshutdown$$00000007) for __rt_lib_shutdown_fp_trap_1
    libshutdown.o(.ARM.Collect$$libshutdown$$00000000) refers (Special) to libshutdown2.o(.ARM.Collect$$libshutdown$$0000000F) for __rt_lib_shutdown_heap_1
    libshutdown.o(.ARM.Collect$$libshutdown$$00000000) refers (Special) to libshutdown2.o(.ARM.Collect$$libshutdown$$00000010) for __rt_lib_shutdown_return
    libshutdown.o(.ARM.Collect$$libshutdown$$00000000) refers (Special) to libshutdown2.o(.ARM.Collect$$libshutdown$$0000000A) for __rt_lib_shutdown_signal_1
    libshutdown.o(.ARM.Collect$$libshutdown$$00000000) refers (Special) to libshutdown2.o(.ARM.Collect$$libshutdown$$00000004) for __rt_lib_shutdown_stdio_1
    libshutdown.o(.ARM.Collect$$libshutdown$$00000000) refers (Special) to libshutdown2.o(.ARM.Collect$$libshutdown$$0000000C) for __rt_lib_shutdown_user_alloc_1
    sys_command.o(.text) refers (Special) to use_no_semi.o(.text) for __I$use$semihosting
    sys_command.o(.text) refers (Special) to indicate_semi.o(.text) for __semihosting_library_function
    defsig_rtmem_outer.o(.text) refers to defsig_rtmem_inner.o(.text) for __rt_SIGRTMEM_inner
    defsig_rtmem_outer.o(.text) refers to defsig_exit.o(.text) for __sig_exit
    defsig_rtmem_formal.o(.text) refers to rt_raise.o(.text) for __rt_raise
    rt_raise.o(.text) refers to __raise.o(.text) for __raise
    rt_raise.o(.text) refers to sys_exit.o(.text) for _sys_exit
    defsig_exit.o(.text) refers to sys_exit.o(.text) for _sys_exit
    defsig_rtmem_inner.o(.text) refers to defsig_general.o(.text) for __default_signal_display
    __raise.o(.text) refers to defsig.o(CL$$defsig) for __default_signal_handler
    defsig_general.o(.text) refers to sys_wrch.o(.text) for _ttywrch
    sys_wrch.o(.text) refers (Special) to use_no_semi.o(.text) for __I$use$semihosting
    sys_wrch.o(.text) refers (Special) to indicate_semi.o(.text) for __semihosting_library_function
    defsig.o(CL$$defsig) refers to defsig_rtmem_inner.o(.text) for __rt_SIGRTMEM_inner
    defsig_abrt_inner.o(.text) refers to defsig_general.o(.text) for __default_signal_display
    defsig_fpe_inner.o(.text) refers to defsig_general.o(.text) for __default_signal_display
    defsig_rtred_inner.o(.text) refers to defsig_general.o(.text) for __default_signal_display
    defsig_stak_inner.o(.text) refers to defsig_general.o(.text) for __default_signal_display
    defsig_pvfn_inner.o(.text) refers to defsig_general.o(.text) for __default_signal_display
    defsig_cppl_inner.o(.text) refers to defsig_general.o(.text) for __default_signal_display
    defsig_segv_inner.o(.text) refers to defsig_general.o(.text) for __default_signal_display
    defsig_other.o(.text) refers to defsig_general.o(.text) for __default_signal_display


==============================================================================

Removing Unused input sections from the image.

    Removing main.o(i.read), (28 bytes).
    Removing system_tm4c123.o(.rev16_text), (4 bytes).
    Removing system_tm4c123.o(.revsh_text), (4 bytes).
    Removing system_tm4c123.o(.rrx_text), (6 bytes).
    Removing system_tm4c123.o(i.SystemCoreClockUpdate), (196 bytes).
    Removing system_tm4c123.o(i.getOscClk), (244 bytes).
    Removing system_tm4c123.o(.data), (4 bytes).
    Removing main.o(.text), (0 bytes).
    Removing main.o(.ARM.exidx.text.SetSysClock_80MHz), (8 bytes).
    Removing sysctl.o(i.SysCtlAltClkConfig), (12 bytes).
    Removing sysctl.o(i.SysCtlClockFreqSet), (740 bytes).
    Removing sysctl.o(i.SysCtlClockGet), (340 bytes).
    Removing sysctl.o(i.SysCtlClockOutConfig), (20 bytes).
    Removing sysctl.o(i.SysCtlDeepSleep), (32 bytes).
    Removing sysctl.o(i.SysCtlDeepSleepClockConfigSet), (112 bytes).
    Removing sysctl.o(i.SysCtlDeepSleepClockSet), (12 bytes).
    Removing sysctl.o(i.SysCtlDeepSleepPowerSet), (12 bytes).
    Removing sysctl.o(i.SysCtlFlashSectorSizeGet), (56 bytes).
    Removing sysctl.o(i.SysCtlFlashSizeGet), (56 bytes).
    Removing sysctl.o(i.SysCtlGPIOAHBDisable), (28 bytes).
    Removing sysctl.o(i.SysCtlGPIOAHBEnable), (24 bytes).
    Removing sysctl.o(i.SysCtlIntClear), (12 bytes).
    Removing sysctl.o(i.SysCtlIntDisable), (16 bytes).
    Removing sysctl.o(i.SysCtlIntEnable), (16 bytes).
    Removing sysctl.o(i.SysCtlIntRegister), (20 bytes).
    Removing sysctl.o(i.SysCtlIntStatus), (16 bytes).
    Removing sysctl.o(i.SysCtlIntUnregister), (18 bytes).
    Removing sysctl.o(i.SysCtlLDODeepSleepGet), (12 bytes).
    Removing sysctl.o(i.SysCtlLDODeepSleepSet), (12 bytes).
    Removing sysctl.o(i.SysCtlLDOSleepGet), (12 bytes).
    Removing sysctl.o(i.SysCtlLDOSleepSet), (12 bytes).
    Removing sysctl.o(i.SysCtlMOSCConfigSet), (12 bytes).
    Removing sysctl.o(i.SysCtlNMIClear), (16 bytes).
    Removing sysctl.o(i.SysCtlNMIStatus), (12 bytes).
    Removing sysctl.o(i.SysCtlPIOSCCalibrate), (76 bytes).
    Removing sysctl.o(i.SysCtlPWMClockGet), (24 bytes).
    Removing sysctl.o(i.SysCtlPWMClockSet), (20 bytes).
    Removing sysctl.o(i.SysCtlPeripheralClockGating), (68 bytes).
    Removing sysctl.o(i.SysCtlPeripheralDeepSleepDisable), (40 bytes).
    Removing sysctl.o(i.SysCtlPeripheralDeepSleepEnable), (40 bytes).
    Removing sysctl.o(i.SysCtlPeripheralDisable), (40 bytes).
    Removing sysctl.o(i.SysCtlPeripheralEnable), (40 bytes).
    Removing sysctl.o(i.SysCtlPeripheralPowerOff), (40 bytes).
    Removing sysctl.o(i.SysCtlPeripheralPowerOn), (40 bytes).
    Removing sysctl.o(i.SysCtlPeripheralPresent), (44 bytes).
    Removing sysctl.o(i.SysCtlPeripheralReady), (44 bytes).
    Removing sysctl.o(i.SysCtlPeripheralReset), (60 bytes).
    Removing sysctl.o(i.SysCtlPeripheralSleepDisable), (40 bytes).
    Removing sysctl.o(i.SysCtlPeripheralSleepEnable), (40 bytes).
    Removing sysctl.o(i.SysCtlReset), (16 bytes).
    Removing sysctl.o(i.SysCtlResetBehaviorGet), (12 bytes).
    Removing sysctl.o(i.SysCtlResetBehaviorSet), (12 bytes).
    Removing sysctl.o(i.SysCtlResetCauseClear), (16 bytes).
    Removing sysctl.o(i.SysCtlResetCauseGet), (12 bytes).
    Removing sysctl.o(i.SysCtlSRAMSizeGet), (16 bytes).
    Removing sysctl.o(i.SysCtlSleep), (4 bytes).
    Removing sysctl.o(i.SysCtlSleepPowerSet), (12 bytes).
    Removing sysctl.o(i.SysCtlUSBPLLDisable), (16 bytes).
    Removing sysctl.o(i.SysCtlUSBPLLEnable), (16 bytes).
    Removing sysctl.o(i.SysCtlVCOGet), (120 bytes).
    Removing sysctl.o(i.SysCtlVoltageEventClear), (16 bytes).
    Removing sysctl.o(i.SysCtlVoltageEventConfig), (12 bytes).
    Removing sysctl.o(i.SysCtlVoltageEventStatus), (12 bytes).
    Removing sysctl.o(.constdata), (596 bytes).
    Removing cpu.o(.emb_text), (38 bytes).
    Removing interrupt.o(i.IntDisable), (100 bytes).
    Removing interrupt.o(i.IntEnable), (100 bytes).
    Removing interrupt.o(i.IntIsEnabled), (96 bytes).
    Removing interrupt.o(i.IntMasterDisable), (14 bytes).
    Removing interrupt.o(i.IntMasterEnable), (14 bytes).
    Removing interrupt.o(i.IntPendClear), (68 bytes).
    Removing interrupt.o(i.IntPendSet), (84 bytes).
    Removing interrupt.o(i.IntPriorityGet), (28 bytes).
    Removing interrupt.o(i.IntPriorityGroupingGet), (36 bytes).
    Removing interrupt.o(i.IntPriorityGroupingSet), (28 bytes).
    Removing interrupt.o(i.IntPriorityMaskGet), (4 bytes).
    Removing interrupt.o(i.IntPriorityMaskSet), (4 bytes).
    Removing interrupt.o(i.IntPrioritySet), (40 bytes).
    Removing interrupt.o(i.IntRegister), (52 bytes).
    Removing interrupt.o(i.IntTrigger), (12 bytes).
    Removing interrupt.o(i.IntUnregister), (20 bytes).
    Removing interrupt.o(i._IntDefaultHandler), (2 bytes).
    Removing interrupt.o(.constdata), (268 bytes).
    Removing interrupt.o(vtable), (620 bytes).

84 unused section(s) (total 5296 bytes) removed from the image.

==============================================================================

Image Symbol Table

    Local Symbols

    Symbol Name                              Value     Ov Type        Size  Object(Section)

    RESET                                    0x00000000   Section      620  startup_tm4c123.o(RESET)
    ../clib/angel/boardlib.s                 0x00000000   Number         0  boardinit1.o ABSOLUTE
    ../clib/angel/boardlib.s                 0x00000000   Number         0  boardinit2.o ABSOLUTE
    ../clib/angel/boardlib.s                 0x00000000   Number         0  boardinit3.o ABSOLUTE
    ../clib/angel/boardlib.s                 0x00000000   Number         0  boardshut.o ABSOLUTE
    ../clib/angel/handlers.s                 0x00000000   Number         0  __scatter_zi.o ABSOLUTE
    ../clib/angel/kernel.s                   0x00000000   Number         0  __rtentry2.o ABSOLUTE
    ../clib/angel/kernel.s                   0x00000000   Number         0  __rtentry4.o ABSOLUTE
    ../clib/angel/kernel.s                   0x00000000   Number         0  rtexit.o ABSOLUTE
    ../clib/angel/kernel.s                   0x00000000   Number         0  rtexit2.o ABSOLUTE
    ../clib/angel/kernel.s                   0x00000000   Number         0  __rtentry.o ABSOLUTE
    ../clib/angel/rt.s                       0x00000000   Number         0  rt_raise.o ABSOLUTE
    ../clib/angel/scatter.s                  0x00000000   Number         0  __scatter.o ABSOLUTE
    ../clib/angel/startup.s                  0x00000000   Number         0  __main.o ABSOLUTE
    ../clib/angel/sys.s                      0x00000000   Number         0  sys_stackheap_outer.o ABSOLUTE
    ../clib/angel/sys.s                      0x00000000   Number         0  use_no_semi.o ABSOLUTE
    ../clib/angel/sys.s                      0x00000000   Number         0  indicate_semi.o ABSOLUTE
    ../clib/angel/sys.s                      0x00000000   Number         0  libspace.o ABSOLUTE
    ../clib/angel/sysapp.c                   0x00000000   Number         0  sys_command.o ABSOLUTE
    ../clib/angel/sysapp.c                   0x00000000   Number         0  sys_exit.o ABSOLUTE
    ../clib/angel/sysapp.c                   0x00000000   Number         0  sys_wrch.o ABSOLUTE
    ../clib/armsys.c                         0x00000000   Number         0  argv_veneer.o ABSOLUTE
    ../clib/armsys.c                         0x00000000   Number         0  argv_veneer.o ABSOLUTE
    ../clib/armsys.c                         0x00000000   Number         0  _get_argv_nomalloc.o ABSOLUTE
    ../clib/armsys.c                         0x00000000   Number         0  no_argv.o ABSOLUTE
    ../clib/heapalloc.c                      0x00000000   Number         0  hrguard.o ABSOLUTE
    ../clib/heapaux.c                        0x00000000   Number         0  heapauxi.o ABSOLUTE
    ../clib/libinit.s                        0x00000000   Number         0  libshutdown2.o ABSOLUTE
    ../clib/libinit.s                        0x00000000   Number         0  libinit.o ABSOLUTE
    ../clib/libinit.s                        0x00000000   Number         0  libinit2.o ABSOLUTE
    ../clib/libinit.s                        0x00000000   Number         0  libshutdown.o ABSOLUTE
    ../clib/memcpset.s                       0x00000000   Number         0  rt_memcpy_w.o ABSOLUTE
    ../clib/printf.c                         0x00000000   Number         0  __printf_ss.o ABSOLUTE
    ../clib/printf.c                         0x00000000   Number         0  __printf_flags_ss.o ABSOLUTE
    ../clib/printf.c                         0x00000000   Number         0  __printf_wp.o ABSOLUTE
    ../clib/printf.c                         0x00000000   Number         0  __printf_ss_wp.o ABSOLUTE
    ../clib/printf.c                         0x00000000   Number         0  __printf_flags_ss_wp.o ABSOLUTE
    ../clib/printf.c                         0x00000000   Number         0  __printf_nopercent.o ABSOLUTE
    ../clib/printf.c                         0x00000000   Number         0  _printf_intcommon.o ABSOLUTE
    ../clib/printf.c                         0x00000000   Number         0  __printf_flags_wp.o ABSOLUTE
    ../clib/printf.c                         0x00000000   Number         0  _printf_char_common.o ABSOLUTE
    ../clib/printf.c                         0x00000000   Number         0  __printf_flags.o ABSOLUTE
    ../clib/printf.c                         0x00000000   Number         0  __2sprintf.o ABSOLUTE
    ../clib/printf.c                         0x00000000   Number         0  noretval__2sprintf.o ABSOLUTE
    ../clib/printf.c                         0x00000000   Number         0  __printf.o ABSOLUTE
    ../clib/printf.c                         0x00000000   Number         0  _printf_dec.o ABSOLUTE
    ../clib/printf.c                         0x00000000   Number         0  _sputc.o ABSOLUTE
    ../clib/printf_percent.s                 0x00000000   Number         0  _printf_percent.o ABSOLUTE
    ../clib/printf_percent.s                 0x00000000   Number         0  _printf_percent_end.o ABSOLUTE
    ../clib/printf_percent.s                 0x00000000   Number         0  _printf_d.o ABSOLUTE
    ../clib/signal.c                         0x00000000   Number         0  defsig_pvfn_inner.o ABSOLUTE
    ../clib/signal.c                         0x00000000   Number         0  defsig_rtred_inner.o ABSOLUTE
    ../clib/signal.c                         0x00000000   Number         0  defsig_rtmem_formal.o ABSOLUTE
    ../clib/signal.c                         0x00000000   Number         0  defsig_rtmem_outer.o ABSOLUTE
    ../clib/signal.c                         0x00000000   Number         0  defsig_exit.o ABSOLUTE
    ../clib/signal.c                         0x00000000   Number         0  defsig_fpe_inner.o ABSOLUTE
    ../clib/signal.c                         0x00000000   Number         0  defsig_rtmem_inner.o ABSOLUTE
    ../clib/signal.c                         0x00000000   Number         0  defsig_abrt_inner.o ABSOLUTE
    ../clib/signal.c                         0x00000000   Number         0  __raise.o ABSOLUTE
    ../clib/signal.c                         0x00000000   Number         0  defsig_general.o ABSOLUTE
    ../clib/signal.c                         0x00000000   Number         0  defsig_stak_inner.o ABSOLUTE
    ../clib/signal.c                         0x00000000   Number         0  defsig_cppl_inner.o ABSOLUTE
    ../clib/signal.c                         0x00000000   Number         0  defsig_segv_inner.o ABSOLUTE
    ../clib/signal.c                         0x00000000   Number         0  defsig_other.o ABSOLUTE
    ../clib/signal.s                         0x00000000   Number         0  defsig.o ABSOLUTE
    ../clib/stdlib.c                         0x00000000   Number         0  exit.o ABSOLUTE
    ../clib/string.c                         0x00000000   Number         0  strlen.o ABSOLUTE
    ../fplib/daddsub.s                       0x00000000   Number         0  daddsub_clz.o ABSOLUTE
    ../fplib/dcmpi.s                         0x00000000   Number         0  dcmpi.o ABSOLUTE
    ../fplib/dfix.s                          0x00000000   Number         0  dfix.o ABSOLUTE
    ../fplib/dflt.s                          0x00000000   Number         0  dflt_clz.o ABSOLUTE
    ../fplib/dleqf.s                         0x00000000   Number         0  dleqf.o ABSOLUTE
    ../fplib/dnaninf.s                       0x00000000   Number         0  dnaninf.o ABSOLUTE
    ../fplib/dretinf.s                       0x00000000   Number         0  dretinf.o ABSOLUTE
    ../fplib/drleqf.s                        0x00000000   Number         0  drleqf.o ABSOLUTE
    ../fplib/drnd.s                          0x00000000   Number         0  drnd.o ABSOLUTE
    ../fplib/fpinit.s                        0x00000000   Number         0  fpinit.o ABSOLUTE
    ../fplib/usenofp.s                       0x00000000   Number         0  usenofp.o ABSOLUTE
    ../mathlib/round.c                       0x00000000   Number         0  round.o ABSOLUTE
    RTE\Device\TM4C123GH6PM\startup_TM4C123.s 0x00000000   Number         0  startup_tm4c123.o ABSOLUTE
    RTE\Device\TM4C123GH6PM\system_TM4C123.c 0x00000000   Number         0  system_tm4c123.o ABSOLUTE
    RTE\\Device\\TM4C123GH6PM\\system_TM4C123.c 0x00000000   Number         0  system_tm4c123.o ABSOLUTE
    cpu.c                                    0x00000000   Number         0  cpu.o ABSOLUTE
    cpu.c                                    0x00000000   Number         0  cpu.o ABSOLUTE
    dc.s                                     0x00000000   Number         0  dc.o ABSOLUTE
    interrupt.c                              0x00000000   Number         0  interrupt.o ABSOLUTE
    main.c                                   0x00000000   Number         0  main.o ABSOLUTE
    main.c                                   0x00000000   Number         0  main.o ABSOLUTE
    sysctl.c                                 0x00000000   Number         0  sysctl.o ABSOLUTE
    sysctl.c                                 0x00000000   Number         0  sysctl.o ABSOLUTE
    !!!main                                  0x0000026c   Section        8  __main.o(!!!main)
    !!!scatter                               0x00000274   Section       52  __scatter.o(!!!scatter)
    !!handler_zi                             0x000002a8   Section       28  __scatter_zi.o(!!handler_zi)
    .ARM.Collect$$_printf_percent$$00000000  0x000002c4   Section        0  _printf_percent.o(.ARM.Collect$$_printf_percent$$00000000)
    .ARM.Collect$$_printf_percent$$00000009  0x000002c4   Section        6  _printf_d.o(.ARM.Collect$$_printf_percent$$00000009)
    .ARM.Collect$$_printf_percent$$00000017  0x000002ca   Section        4  _printf_percent_end.o(.ARM.Collect$$_printf_percent$$00000017)
    .ARM.Collect$$libinit$$00000000          0x000002ce   Section        2  libinit.o(.ARM.Collect$$libinit$$00000000)
    .ARM.Collect$$libinit$$00000001          0x000002d0   Section        4  libinit2.o(.ARM.Collect$$libinit$$00000001)
    .ARM.Collect$$libinit$$00000004          0x000002d4   Section        0  libinit2.o(.ARM.Collect$$libinit$$00000004)
    .ARM.Collect$$libinit$$0000000A          0x000002d4   Section        0  libinit2.o(.ARM.Collect$$libinit$$0000000A)
    .ARM.Collect$$libinit$$0000000C          0x000002d4   Section        0  libinit2.o(.ARM.Collect$$libinit$$0000000C)
    .ARM.Collect$$libinit$$0000000E          0x000002d4   Section        0  libinit2.o(.ARM.Collect$$libinit$$0000000E)
    .ARM.Collect$$libinit$$00000011          0x000002d4   Section        0  libinit2.o(.ARM.Collect$$libinit$$00000011)
    .ARM.Collect$$libinit$$00000013          0x000002d4   Section        0  libinit2.o(.ARM.Collect$$libinit$$00000013)
    .ARM.Collect$$libinit$$00000015          0x000002d4   Section        0  libinit2.o(.ARM.Collect$$libinit$$00000015)
    .ARM.Collect$$libinit$$00000017          0x000002d4   Section        0  libinit2.o(.ARM.Collect$$libinit$$00000017)
    .ARM.Collect$$libinit$$00000019          0x000002d4   Section        0  libinit2.o(.ARM.Collect$$libinit$$00000019)
    .ARM.Collect$$libinit$$0000001B          0x000002d4   Section        0  libinit2.o(.ARM.Collect$$libinit$$0000001B)
    .ARM.Collect$$libinit$$0000001D          0x000002d4   Section        0  libinit2.o(.ARM.Collect$$libinit$$0000001D)
    .ARM.Collect$$libinit$$0000001F          0x000002d4   Section        0  libinit2.o(.ARM.Collect$$libinit$$0000001F)
    .ARM.Collect$$libinit$$00000021          0x000002d4   Section        0  libinit2.o(.ARM.Collect$$libinit$$00000021)
    .ARM.Collect$$libinit$$00000023          0x000002d4   Section        0  libinit2.o(.ARM.Collect$$libinit$$00000023)
    .ARM.Collect$$libinit$$00000025          0x000002d4   Section        0  libinit2.o(.ARM.Collect$$libinit$$00000025)
    .ARM.Collect$$libinit$$0000002C          0x000002d4   Section        0  libinit2.o(.ARM.Collect$$libinit$$0000002C)
    .ARM.Collect$$libinit$$0000002E          0x000002d4   Section        0  libinit2.o(.ARM.Collect$$libinit$$0000002E)
    .ARM.Collect$$libinit$$00000030          0x000002d4   Section        0  libinit2.o(.ARM.Collect$$libinit$$00000030)
    .ARM.Collect$$libinit$$00000032          0x000002d4   Section        0  libinit2.o(.ARM.Collect$$libinit$$00000032)
    .ARM.Collect$$libinit$$00000033          0x000002d4   Section        2  libinit2.o(.ARM.Collect$$libinit$$00000033)
    .ARM.Collect$$libshutdown$$00000000      0x000002d6   Section        2  libshutdown.o(.ARM.Collect$$libshutdown$$00000000)
    .ARM.Collect$$libshutdown$$00000002      0x000002d8   Section        0  libshutdown2.o(.ARM.Collect$$libshutdown$$00000002)
    .ARM.Collect$$libshutdown$$00000004      0x000002d8   Section        0  libshutdown2.o(.ARM.Collect$$libshutdown$$00000004)
    .ARM.Collect$$libshutdown$$00000007      0x000002d8   Section        0  libshutdown2.o(.ARM.Collect$$libshutdown$$00000007)
    .ARM.Collect$$libshutdown$$0000000A      0x000002d8   Section        0  libshutdown2.o(.ARM.Collect$$libshutdown$$0000000A)
    .ARM.Collect$$libshutdown$$0000000C      0x000002d8   Section        0  libshutdown2.o(.ARM.Collect$$libshutdown$$0000000C)
    .ARM.Collect$$libshutdown$$0000000F      0x000002d8   Section        0  libshutdown2.o(.ARM.Collect$$libshutdown$$0000000F)
    .ARM.Collect$$libshutdown$$00000010      0x000002d8   Section        2  libshutdown2.o(.ARM.Collect$$libshutdown$$00000010)
    .ARM.Collect$$rtentry$$00000000          0x000002da   Section        0  __rtentry.o(.ARM.Collect$$rtentry$$00000000)
    .ARM.Collect$$rtentry$$00000002          0x000002da   Section        0  __rtentry2.o(.ARM.Collect$$rtentry$$00000002)
    .ARM.Collect$$rtentry$$00000004          0x000002da   Section        6  __rtentry4.o(.ARM.Collect$$rtentry$$00000004)
    .ARM.Collect$$rtentry$$00000009          0x000002e0   Section        0  __rtentry2.o(.ARM.Collect$$rtentry$$00000009)
    .ARM.Collect$$rtentry$$0000000A          0x000002e0   Section        4  __rtentry2.o(.ARM.Collect$$rtentry$$0000000A)
    .ARM.Collect$$rtentry$$0000000C          0x000002e4   Section        0  __rtentry2.o(.ARM.Collect$$rtentry$$0000000C)
    .ARM.Collect$$rtentry$$0000000D          0x000002e4   Section        8  __rtentry2.o(.ARM.Collect$$rtentry$$0000000D)
    .ARM.Collect$$rtexit$$00000000           0x000002ec   Section        2  rtexit.o(.ARM.Collect$$rtexit$$00000000)
    .ARM.Collect$$rtexit$$00000002           0x000002ee   Section        0  rtexit2.o(.ARM.Collect$$rtexit$$00000002)
    .ARM.Collect$$rtexit$$00000003           0x000002ee   Section        4  rtexit2.o(.ARM.Collect$$rtexit$$00000003)
    .ARM.Collect$$rtexit$$00000004           0x000002f2   Section        6  rtexit2.o(.ARM.Collect$$rtexit$$00000004)
    .emb_text                                0x000002f8   Section        6  sysctl.o(.emb_text)
    $v0                                      0x000002f8   Number         0  sysctl.o(.emb_text)
    .text                                    0x00000300   Section      276  startup_tm4c123.o(.text)
    $v0                                      0x00000300   Number         0  startup_tm4c123.o(.text)
    .text                                    0x00000414   Section        0  noretval__2sprintf.o(.text)
    .text                                    0x0000043c   Section        0  __printf.o(.text)
    .text                                    0x000004a4   Section        0  _printf_dec.o(.text)
    .text                                    0x0000051c   Section        0  strlen.o(.text)
    .text                                    0x0000055a   Section      100  rt_memcpy_w.o(.text)
    .text                                    0x000005be   Section        0  heapauxi.o(.text)
    .text                                    0x000005c4   Section        0  _printf_intcommon.o(.text)
    .text                                    0x00000678   Section        0  _printf_char_common.o(.text)
    _printf_input_char                       0x00000679   Thumb Code    10  _printf_char_common.o(.text)
    .text                                    0x000006a8   Section        0  _sputc.o(.text)
    .text                                    0x000006b2   Section       74  sys_stackheap_outer.o(.text)
    .text                                    0x000006fc   Section        0  exit.o(.text)
    .text                                    0x00000710   Section        8  libspace.o(.text)
    .text                                    0x00000718   Section        0  sys_exit.o(.text)
    .text                                    0x00000724   Section        2  use_no_semi.o(.text)
    .text                                    0x00000726   Section        0  indicate_semi.o(.text)
    [Anonymous Symbol]                       0x00000728   Section        0  main.o(.text.SetSysClock_80MHz)
    __arm_cp.0_0                             0x00000730   Number         4  main.o(.text.SetSysClock_80MHz)
    i.SysCtlClockSet                         0x00000734   Section        0  sysctl.o(i.SysCtlClockSet)
    i.SystemInit                             0x00000854   Section        0  system_tm4c123.o(i.SystemInit)
    i.U0_GPIO                                0x000008ec   Section        0  main.o(i.U0_GPIO)
    i.U0_Setup                               0x000009d0   Section        0  main.o(i.U0_Setup)
    i.__hardfp_round                         0x00000a10   Section        0  round.o(i.__hardfp_round)
    i.adc_setup                              0x00000af0   Section        0  main.o(i.adc_setup)
    i.contact                                0x00000c24   Section        0  main.o(i.contact)
    i.delay                                  0x00000c6e   Section        0  main.o(i.delay)
    i.led_scores                             0x00000c8c   Section        0  main.o(i.led_scores)
    i.main                                   0x00000cf0   Section        0  main.o(i.main)
    i.print_game                             0x00000f8c   Section        0  main.o(i.print_game)
    i.print_uart                             0x0000108c   Section        0  main.o(i.print_uart)
    i.read_adc_0                             0x000010f0   Section        0  main.o(i.read_adc_0)
    i.read_adc_1                             0x00001118   Section        0  main.o(i.read_adc_1)
    i.reset                                  0x00001140   Section        0  main.o(i.reset)
    i.write                                  0x00001158   Section        0  main.o(i.write)
    x$fpl$dadd                               0x00001178   Section      336  daddsub_clz.o(x$fpl$dadd)
    $v0                                      0x00001178   Number         0  daddsub_clz.o(x$fpl$dadd)
    _dadd1                                   0x00001189   Thumb Code     0  daddsub_clz.o(x$fpl$dadd)
    x$fpl$dcmpinf                            0x000012c8   Section       24  dcmpi.o(x$fpl$dcmpinf)
    $v0                                      0x000012c8   Number         0  dcmpi.o(x$fpl$dcmpinf)
    x$fpl$dfix                               0x000012e0   Section       94  dfix.o(x$fpl$dfix)
    $v0                                      0x000012e0   Number         0  dfix.o(x$fpl$dfix)
    x$fpl$dflt                               0x0000133e   Section       46  dflt_clz.o(x$fpl$dflt)
    $v0                                      0x0000133e   Number         0  dflt_clz.o(x$fpl$dflt)
    x$fpl$dleqf                              0x0000136c   Section      120  dleqf.o(x$fpl$dleqf)
    $v0                                      0x0000136c   Number         0  dleqf.o(x$fpl$dleqf)
    x$fpl$dnaninf                            0x000013e4   Section      156  dnaninf.o(x$fpl$dnaninf)
    $v0                                      0x000013e4   Number         0  dnaninf.o(x$fpl$dnaninf)
    x$fpl$dretinf                            0x00001480   Section       12  dretinf.o(x$fpl$dretinf)
    $v0                                      0x00001480   Number         0  dretinf.o(x$fpl$dretinf)
    x$fpl$drleqf                             0x0000148c   Section      108  drleqf.o(x$fpl$drleqf)
    $v0                                      0x0000148c   Number         0  drleqf.o(x$fpl$drleqf)
    x$fpl$drnd                               0x000014f8   Section      180  drnd.o(x$fpl$drnd)
    $v0                                      0x000014f8   Number         0  drnd.o(x$fpl$drnd)
    x$fpl$dsub                               0x000015ac   Section      468  daddsub_clz.o(x$fpl$dsub)
    $v0                                      0x000015ac   Number         0  daddsub_clz.o(x$fpl$dsub)
    _dsub1                                   0x000015bd   Thumb Code     0  daddsub_clz.o(x$fpl$dsub)
    x$fpl$fpinit                             0x00001780   Section       10  fpinit.o(x$fpl$fpinit)
    $v0                                      0x00001780   Number         0  fpinit.o(x$fpl$fpinit)
    x$fpl$usenofp                            0x0000178a   Section        0  usenofp.o(x$fpl$usenofp)
    .constdata                               0x0000178c   Section       91  main.o(.constdata)
    .bss                                     0x20000000   Section       96  libspace.o(.bss)
    HEAP                                     0x20000060   Section        0  startup_tm4c123.o(HEAP)
    STACK                                    0x20000060   Section      512  startup_tm4c123.o(STACK)
    Heap_Mem                                 0x20000060   Data           0  startup_tm4c123.o(HEAP)
    Stack_Mem                                0x20000060   Data         512  startup_tm4c123.o(STACK)
    __initial_sp                             0x20000260   Data           0  startup_tm4c123.o(STACK)

    Global Symbols

    Symbol Name                              Value     Ov Type        Size  Object(Section)

    BuildAttributes$$THM_ISAv4$E$P$D$K$B$S$7EM$VFPi3$EXTD16$VFPS$VFMA$PE$A:L22UL41UL21$X:L11$S22US41US21$IEEE1$IW$USESV6$~STKCKD$USESV7$~SHL$OTIME$ROPI$IEEEJ$EBA8$UX$STANDARDLIB$REQ8$PRES8$EABIv2 0x00000000   Number         0  anon$$obj.o ABSOLUTE
    __ARM_use_no_argv                        0x00000000   Number         0  main.o ABSOLUTE
    __Vectors                                0x00000000   Data           4  startup_tm4c123.o(RESET)
    __ARM_exceptions_init                     - Undefined Weak Reference
    __alloca_initialize                       - Undefined Weak Reference
    __arm_preinit_                            - Undefined Weak Reference
    __cpp_initialize__aeabi_                  - Undefined Weak Reference
    __cxa_finalize                            - Undefined Weak Reference
    __rt_locale                               - Undefined Weak Reference
    __sigvec_lookup                           - Undefined Weak Reference
    _atexit_init                              - Undefined Weak Reference
    _call_atexit_fns                          - Undefined Weak Reference
    _clock_init                               - Undefined Weak Reference
    _fp_trap_init                             - Undefined Weak Reference
    _fp_trap_shutdown                         - Undefined Weak Reference
    _get_lc_collate                           - Undefined Weak Reference
    _get_lc_ctype                             - Undefined Weak Reference
    _get_lc_monetary                          - Undefined Weak Reference
    _get_lc_numeric                           - Undefined Weak Reference
    _get_lc_time                              - Undefined Weak Reference
    _getenv_init                              - Undefined Weak Reference
    _handle_redirection                       - Undefined Weak Reference
    _init_alloc                               - Undefined Weak Reference
    _init_user_alloc                          - Undefined Weak Reference
    _initio                                   - Undefined Weak Reference
    _printf_post_padding                      - Undefined Weak Reference
    _printf_pre_padding                       - Undefined Weak Reference
    _printf_truncate_signed                   - Undefined Weak Reference
    _printf_truncate_unsigned                 - Undefined Weak Reference
    _rand_init                                - Undefined Weak Reference
    _signal_finish                            - Undefined Weak Reference
    _signal_init                              - Undefined Weak Reference
    _terminate_alloc                          - Undefined Weak Reference
    _terminate_user_alloc                     - Undefined Weak Reference
    _terminateio                              - Undefined Weak Reference
    __Vectors_End                            0x0000026c   Data           0  startup_tm4c123.o(RESET)
    __Vectors_Size                           0x0000026c   Number         0  startup_tm4c123.o ABSOLUTE
    __main                                   0x0000026d   Thumb Code     8  __main.o(!!!main)
    __scatterload                            0x00000275   Thumb Code     0  __scatter.o(!!!scatter)
    __scatterload_rt2                        0x00000275   Thumb Code    44  __scatter.o(!!!scatter)
    __scatterload_rt2_thumb_only             0x00000275   Thumb Code     0  __scatter.o(!!!scatter)
    __scatterload_null                       0x00000283   Thumb Code     0  __scatter.o(!!!scatter)
    __scatterload_zeroinit                   0x000002a9   Thumb Code    28  __scatter_zi.o(!!handler_zi)
    _printf_d                                0x000002c5   Thumb Code     0  _printf_d.o(.ARM.Collect$$_printf_percent$$00000009)
    _printf_percent                          0x000002c5   Thumb Code     0  _printf_percent.o(.ARM.Collect$$_printf_percent$$00000000)
    _printf_percent_end                      0x000002cb   Thumb Code     0  _printf_percent_end.o(.ARM.Collect$$_printf_percent$$00000017)
    __rt_lib_init                            0x000002cf   Thumb Code     0  libinit.o(.ARM.Collect$$libinit$$00000000)
    __rt_lib_init_fp_1                       0x000002d1   Thumb Code     0  libinit2.o(.ARM.Collect$$libinit$$00000001)
    __rt_lib_init_alloca_1                   0x000002d5   Thumb Code     0  libinit2.o(.ARM.Collect$$libinit$$0000002E)
    __rt_lib_init_argv_1                     0x000002d5   Thumb Code     0  libinit2.o(.ARM.Collect$$libinit$$0000002C)
    __rt_lib_init_atexit_1                   0x000002d5   Thumb Code     0  libinit2.o(.ARM.Collect$$libinit$$0000001B)
    __rt_lib_init_clock_1                    0x000002d5   Thumb Code     0  libinit2.o(.ARM.Collect$$libinit$$00000021)
    __rt_lib_init_cpp_1                      0x000002d5   Thumb Code     0  libinit2.o(.ARM.Collect$$libinit$$00000032)
    __rt_lib_init_exceptions_1               0x000002d5   Thumb Code     0  libinit2.o(.ARM.Collect$$libinit$$00000030)
    __rt_lib_init_fp_trap_1                  0x000002d5   Thumb Code     0  libinit2.o(.ARM.Collect$$libinit$$0000001F)
    __rt_lib_init_getenv_1                   0x000002d5   Thumb Code     0  libinit2.o(.ARM.Collect$$libinit$$00000023)
    __rt_lib_init_heap_1                     0x000002d5   Thumb Code     0  libinit2.o(.ARM.Collect$$libinit$$0000000A)
    __rt_lib_init_lc_collate_1               0x000002d5   Thumb Code     0  libinit2.o(.ARM.Collect$$libinit$$00000011)
    __rt_lib_init_lc_ctype_1                 0x000002d5   Thumb Code     0  libinit2.o(.ARM.Collect$$libinit$$00000013)
    __rt_lib_init_lc_monetary_1              0x000002d5   Thumb Code     0  libinit2.o(.ARM.Collect$$libinit$$00000015)
    __rt_lib_init_lc_numeric_1               0x000002d5   Thumb Code     0  libinit2.o(.ARM.Collect$$libinit$$00000017)
    __rt_lib_init_lc_time_1                  0x000002d5   Thumb Code     0  libinit2.o(.ARM.Collect$$libinit$$00000019)
    __rt_lib_init_preinit_1                  0x000002d5   Thumb Code     0  libinit2.o(.ARM.Collect$$libinit$$00000004)
    __rt_lib_init_rand_1                     0x000002d5   Thumb Code     0  libinit2.o(.ARM.Collect$$libinit$$0000000E)
    __rt_lib_init_return                     0x000002d5   Thumb Code     0  libinit2.o(.ARM.Collect$$libinit$$00000033)
    __rt_lib_init_signal_1                   0x000002d5   Thumb Code     0  libinit2.o(.ARM.Collect$$libinit$$0000001D)
    __rt_lib_init_stdio_1                    0x000002d5   Thumb Code     0  libinit2.o(.ARM.Collect$$libinit$$00000025)
    __rt_lib_init_user_alloc_1               0x000002d5   Thumb Code     0  libinit2.o(.ARM.Collect$$libinit$$0000000C)
    __rt_lib_shutdown                        0x000002d7   Thumb Code     0  libshutdown.o(.ARM.Collect$$libshutdown$$00000000)
    __rt_lib_shutdown_cpp_1                  0x000002d9   Thumb Code     0  libshutdown2.o(.ARM.Collect$$libshutdown$$00000002)
    __rt_lib_shutdown_fp_trap_1              0x000002d9   Thumb Code     0  libshutdown2.o(.ARM.Collect$$libshutdown$$00000007)
    __rt_lib_shutdown_heap_1                 0x000002d9   Thumb Code     0  libshutdown2.o(.ARM.Collect$$libshutdown$$0000000F)
    __rt_lib_shutdown_return                 0x000002d9   Thumb Code     0  libshutdown2.o(.ARM.Collect$$libshutdown$$00000010)
    __rt_lib_shutdown_signal_1               0x000002d9   Thumb Code     0  libshutdown2.o(.ARM.Collect$$libshutdown$$0000000A)
    __rt_lib_shutdown_stdio_1                0x000002d9   Thumb Code     0  libshutdown2.o(.ARM.Collect$$libshutdown$$00000004)
    __rt_lib_shutdown_user_alloc_1           0x000002d9   Thumb Code     0  libshutdown2.o(.ARM.Collect$$libshutdown$$0000000C)
    __rt_entry                               0x000002db   Thumb Code     0  __rtentry.o(.ARM.Collect$$rtentry$$00000000)
    __rt_entry_presh_1                       0x000002db   Thumb Code     0  __rtentry2.o(.ARM.Collect$$rtentry$$00000002)
    __rt_entry_sh                            0x000002db   Thumb Code     0  __rtentry4.o(.ARM.Collect$$rtentry$$00000004)
    __rt_entry_li                            0x000002e1   Thumb Code     0  __rtentry2.o(.ARM.Collect$$rtentry$$0000000A)
    __rt_entry_postsh_1                      0x000002e1   Thumb Code     0  __rtentry2.o(.ARM.Collect$$rtentry$$00000009)
    __rt_entry_main                          0x000002e5   Thumb Code     0  __rtentry2.o(.ARM.Collect$$rtentry$$0000000D)
    __rt_entry_postli_1                      0x000002e5   Thumb Code     0  __rtentry2.o(.ARM.Collect$$rtentry$$0000000C)
    __rt_exit                                0x000002ed   Thumb Code     0  rtexit.o(.ARM.Collect$$rtexit$$00000000)
    __rt_exit_ls                             0x000002ef   Thumb Code     0  rtexit2.o(.ARM.Collect$$rtexit$$00000003)
    __rt_exit_prels_1                        0x000002ef   Thumb Code     0  rtexit2.o(.ARM.Collect$$rtexit$$00000002)
    __rt_exit_exit                           0x000002f3   Thumb Code     0  rtexit2.o(.ARM.Collect$$rtexit$$00000004)
    SysCtlDelay                              0x000002f9   Thumb Code     6  sysctl.o(.emb_text)
    Reset_Handler                            0x00000301   Thumb Code     8  startup_tm4c123.o(.text)
    NMI_Handler                              0x00000309   Thumb Code     2  startup_tm4c123.o(.text)
    HardFault_Handler                        0x0000030b   Thumb Code     2  startup_tm4c123.o(.text)
    MemManage_Handler                        0x0000030d   Thumb Code     2  startup_tm4c123.o(.text)
    BusFault_Handler                         0x0000030f   Thumb Code     2  startup_tm4c123.o(.text)
    UsageFault_Handler                       0x00000311   Thumb Code     2  startup_tm4c123.o(.text)
    SVC_Handler                              0x00000313   Thumb Code     2  startup_tm4c123.o(.text)
    DebugMon_Handler                         0x00000315   Thumb Code     2  startup_tm4c123.o(.text)
    PendSV_Handler                           0x00000317   Thumb Code     2  startup_tm4c123.o(.text)
    SysTick_Handler                          0x00000319   Thumb Code     2  startup_tm4c123.o(.text)
    GPIOA_Handler                            0x0000031b   Thumb Code     2  startup_tm4c123.o(.text)
    GPIOB_Handler                            0x0000031d   Thumb Code     2  startup_tm4c123.o(.text)
    GPIOC_Handler                            0x0000031f   Thumb Code     2  startup_tm4c123.o(.text)
    GPIOD_Handler                            0x00000321   Thumb Code     2  startup_tm4c123.o(.text)
    GPIOE_Handler                            0x00000323   Thumb Code     2  startup_tm4c123.o(.text)
    UART0_Handler                            0x00000325   Thumb Code     2  startup_tm4c123.o(.text)
    UART1_Handler                            0x00000327   Thumb Code     2  startup_tm4c123.o(.text)
    SSI0_Handler                             0x00000329   Thumb Code     2  startup_tm4c123.o(.text)
    I2C0_Handler                             0x0000032b   Thumb Code     2  startup_tm4c123.o(.text)
    PMW0_FAULT_Handler                       0x0000032d   Thumb Code     2  startup_tm4c123.o(.text)
    PWM0_0_Handler                           0x0000032f   Thumb Code     2  startup_tm4c123.o(.text)
    PWM0_1_Handler                           0x00000331   Thumb Code     2  startup_tm4c123.o(.text)
    PWM0_2_Handler                           0x00000333   Thumb Code     2  startup_tm4c123.o(.text)
    QEI0_Handler                             0x00000335   Thumb Code     2  startup_tm4c123.o(.text)
    ADC0SS0_Handler                          0x00000337   Thumb Code     2  startup_tm4c123.o(.text)
    ADC0SS1_Handler                          0x00000339   Thumb Code     2  startup_tm4c123.o(.text)
    ADC0SS2_Handler                          0x0000033b   Thumb Code     2  startup_tm4c123.o(.text)
    ADC0SS3_Handler                          0x0000033d   Thumb Code     2  startup_tm4c123.o(.text)
    WDT0_Handler                             0x0000033f   Thumb Code     2  startup_tm4c123.o(.text)
    TIMER0A_Handler                          0x00000341   Thumb Code     2  startup_tm4c123.o(.text)
    TIMER0B_Handler                          0x00000343   Thumb Code     2  startup_tm4c123.o(.text)
    TIMER1A_Handler                          0x00000345   Thumb Code     2  startup_tm4c123.o(.text)
    TIMER1B_Handler                          0x00000347   Thumb Code     2  startup_tm4c123.o(.text)
    TIMER2A_Handler                          0x00000349   Thumb Code     2  startup_tm4c123.o(.text)
    TIMER2B_Handler                          0x0000034b   Thumb Code     2  startup_tm4c123.o(.text)
    COMP0_Handler                            0x0000034d   Thumb Code     2  startup_tm4c123.o(.text)
    COMP1_Handler                            0x0000034f   Thumb Code     2  startup_tm4c123.o(.text)
    COMP2_Handler                            0x00000351   Thumb Code     2  startup_tm4c123.o(.text)
    SYSCTL_Handler                           0x00000353   Thumb Code     2  startup_tm4c123.o(.text)
    FLASH_Handler                            0x00000355   Thumb Code     2  startup_tm4c123.o(.text)
    GPIOF_Handler                            0x00000357   Thumb Code     2  startup_tm4c123.o(.text)
    GPIOG_Handler                            0x00000359   Thumb Code     2  startup_tm4c123.o(.text)
    GPIOH_Handler                            0x0000035b   Thumb Code     2  startup_tm4c123.o(.text)
    UART2_Handler                            0x0000035d   Thumb Code     2  startup_tm4c123.o(.text)
    SSI1_Handler                             0x0000035f   Thumb Code     2  startup_tm4c123.o(.text)
    TIMER3A_Handler                          0x00000361   Thumb Code     2  startup_tm4c123.o(.text)
    TIMER3B_Handler                          0x00000363   Thumb Code     2  startup_tm4c123.o(.text)
    I2C1_Handler                             0x00000365   Thumb Code     2  startup_tm4c123.o(.text)
    QEI1_Handler                             0x00000367   Thumb Code     2  startup_tm4c123.o(.text)
    CAN0_Handler                             0x00000369   Thumb Code     2  startup_tm4c123.o(.text)
    CAN1_Handler                             0x0000036b   Thumb Code     2  startup_tm4c123.o(.text)
    CAN2_Handler                             0x0000036d   Thumb Code     2  startup_tm4c123.o(.text)
    HIB_Handler                              0x0000036f   Thumb Code     2  startup_tm4c123.o(.text)
    USB0_Handler                             0x00000371   Thumb Code     2  startup_tm4c123.o(.text)
    PWM0_3_Handler                           0x00000373   Thumb Code     2  startup_tm4c123.o(.text)
    UDMA_Handler                             0x00000375   Thumb Code     2  startup_tm4c123.o(.text)
    UDMAERR_Handler                          0x00000377   Thumb Code     2  startup_tm4c123.o(.text)
    ADC1SS0_Handler                          0x00000379   Thumb Code     2  startup_tm4c123.o(.text)
    ADC1SS1_Handler                          0x0000037b   Thumb Code     2  startup_tm4c123.o(.text)
    ADC1SS2_Handler                          0x0000037d   Thumb Code     2  startup_tm4c123.o(.text)
    ADC1SS3_Handler                          0x0000037f   Thumb Code     2  startup_tm4c123.o(.text)
    GPIOJ_Handler                            0x00000381   Thumb Code     2  startup_tm4c123.o(.text)
    GPIOK_Handler                            0x00000383   Thumb Code     2  startup_tm4c123.o(.text)
    GPIOL_Handler                            0x00000385   Thumb Code     2  startup_tm4c123.o(.text)
    SSI2_Handler                             0x00000387   Thumb Code     2  startup_tm4c123.o(.text)
    SSI3_Handler                             0x00000389   Thumb Code     2  startup_tm4c123.o(.text)
    UART3_Handler                            0x0000038b   Thumb Code     2  startup_tm4c123.o(.text)
    UART4_Handler                            0x0000038d   Thumb Code     2  startup_tm4c123.o(.text)
    UART5_Handler                            0x0000038f   Thumb Code     2  startup_tm4c123.o(.text)
    UART6_Handler                            0x00000391   Thumb Code     2  startup_tm4c123.o(.text)
    UART7_Handler                            0x00000393   Thumb Code     2  startup_tm4c123.o(.text)
    I2C2_Handler                             0x00000395   Thumb Code     2  startup_tm4c123.o(.text)
    I2C3_Handler                             0x00000397   Thumb Code     2  startup_tm4c123.o(.text)
    TIMER4A_Handler                          0x00000399   Thumb Code     2  startup_tm4c123.o(.text)
    TIMER4B_Handler                          0x0000039b   Thumb Code     2  startup_tm4c123.o(.text)
    TIMER5A_Handler                          0x0000039d   Thumb Code     2  startup_tm4c123.o(.text)
    TIMER5B_Handler                          0x0000039f   Thumb Code     2  startup_tm4c123.o(.text)
    WTIMER0A_Handler                         0x000003a1   Thumb Code     2  startup_tm4c123.o(.text)
    WTIMER0B_Handler                         0x000003a3   Thumb Code     2  startup_tm4c123.o(.text)
    WTIMER1A_Handler                         0x000003a5   Thumb Code     2  startup_tm4c123.o(.text)
    WTIMER1B_Handler                         0x000003a7   Thumb Code     2  startup_tm4c123.o(.text)
    WTIMER2A_Handler                         0x000003a9   Thumb Code     2  startup_tm4c123.o(.text)
    WTIMER2B_Handler                         0x000003ab   Thumb Code     2  startup_tm4c123.o(.text)
    WTIMER3A_Handler                         0x000003ad   Thumb Code     2  startup_tm4c123.o(.text)
    WTIMER3B_Handler                         0x000003af   Thumb Code     2  startup_tm4c123.o(.text)
    WTIMER4A_Handler                         0x000003b1   Thumb Code     2  startup_tm4c123.o(.text)
    WTIMER4B_Handler                         0x000003b3   Thumb Code     2  startup_tm4c123.o(.text)
    WTIMER5A_Handler                         0x000003b5   Thumb Code     2  startup_tm4c123.o(.text)
    WTIMER5B_Handler                         0x000003b7   Thumb Code     2  startup_tm4c123.o(.text)
    FPU_Handler                              0x000003b9   Thumb Code     2  startup_tm4c123.o(.text)
    I2C4_Handler                             0x000003bb   Thumb Code     2  startup_tm4c123.o(.text)
    I2C5_Handler                             0x000003bd   Thumb Code     2  startup_tm4c123.o(.text)
    GPIOM_Handler                            0x000003bf   Thumb Code     2  startup_tm4c123.o(.text)
    GPION_Handler                            0x000003c1   Thumb Code     2  startup_tm4c123.o(.text)
    QEI2_Handler                             0x000003c3   Thumb Code     2  startup_tm4c123.o(.text)
    GPIOP0_Handler                           0x000003c5   Thumb Code     2  startup_tm4c123.o(.text)
    GPIOP1_Handler                           0x000003c7   Thumb Code     2  startup_tm4c123.o(.text)
    GPIOP2_Handler                           0x000003c9   Thumb Code     2  startup_tm4c123.o(.text)
    GPIOP3_Handler                           0x000003cb   Thumb Code     2  startup_tm4c123.o(.text)
    GPIOP4_Handler                           0x000003cd   Thumb Code     2  startup_tm4c123.o(.text)
    GPIOP5_Handler                           0x000003cf   Thumb Code     2  startup_tm4c123.o(.text)
    GPIOP6_Handler                           0x000003d1   Thumb Code     2  startup_tm4c123.o(.text)
    GPIOP7_Handler                           0x000003d3   Thumb Code     2  startup_tm4c123.o(.text)
    GPIOQ0_Handler                           0x000003d5   Thumb Code     2  startup_tm4c123.o(.text)
    GPIOQ1_Handler                           0x000003d7   Thumb Code     2  startup_tm4c123.o(.text)
    GPIOQ2_Handler                           0x000003d9   Thumb Code     2  startup_tm4c123.o(.text)
    GPIOQ3_Handler                           0x000003db   Thumb Code     2  startup_tm4c123.o(.text)
    GPIOQ4_Handler                           0x000003dd   Thumb Code     2  startup_tm4c123.o(.text)
    GPIOQ5_Handler                           0x000003df   Thumb Code     2  startup_tm4c123.o(.text)
    GPIOQ6_Handler                           0x000003e1   Thumb Code     2  startup_tm4c123.o(.text)
    GPIOQ7_Handler                           0x000003e3   Thumb Code     2  startup_tm4c123.o(.text)
    GPIOR_Handler                            0x000003e5   Thumb Code     2  startup_tm4c123.o(.text)
    GPIOS_Handler                            0x000003e7   Thumb Code     2  startup_tm4c123.o(.text)
    PMW1_0_Handler                           0x000003e9   Thumb Code     2  startup_tm4c123.o(.text)
    PWM1_1_Handler                           0x000003eb   Thumb Code     2  startup_tm4c123.o(.text)
    PWM1_2_Handler                           0x000003ed   Thumb Code     2  startup_tm4c123.o(.text)
    PWM1_3_Handler                           0x000003ef   Thumb Code     2  startup_tm4c123.o(.text)
    PWM1_FAULT_Handler                       0x000003f1   Thumb Code     2  startup_tm4c123.o(.text)
    __user_initial_stackheap                 0x000003f5   Thumb Code     0  startup_tm4c123.o(.text)
    __2sprintf                               0x00000415   Thumb Code    34  noretval__2sprintf.o(.text)
    __printf                                 0x0000043d   Thumb Code   104  __printf.o(.text)
    _printf_int_dec                          0x000004a5   Thumb Code   104  _printf_dec.o(.text)
    strlen                                   0x0000051d   Thumb Code    62  strlen.o(.text)
    __aeabi_memcpy4                          0x0000055b   Thumb Code     0  rt_memcpy_w.o(.text)
    __aeabi_memcpy8                          0x0000055b   Thumb Code     0  rt_memcpy_w.o(.text)
    __rt_memcpy_w                            0x0000055b   Thumb Code   100  rt_memcpy_w.o(.text)
    _memcpy_lastbytes_aligned                0x000005a3   Thumb Code     0  rt_memcpy_w.o(.text)
    __use_two_region_memory                  0x000005bf   Thumb Code     2  heapauxi.o(.text)
    __rt_heap_escrow$2region                 0x000005c1   Thumb Code     2  heapauxi.o(.text)
    __rt_heap_expand$2region                 0x000005c3   Thumb Code     2  heapauxi.o(.text)
    _printf_int_common                       0x000005c5   Thumb Code   178  _printf_intcommon.o(.text)
    _printf_char_common                      0x00000683   Thumb Code    32  _printf_char_common.o(.text)
    _sputc                                   0x000006a9   Thumb Code    10  _sputc.o(.text)
    __user_setup_stackheap                   0x000006b3   Thumb Code    74  sys_stackheap_outer.o(.text)
    exit                                     0x000006fd   Thumb Code    18  exit.o(.text)
    __user_libspace                          0x00000711   Thumb Code     8  libspace.o(.text)
    __user_perproc_libspace                  0x00000711   Thumb Code     0  libspace.o(.text)
    __user_perthread_libspace                0x00000711   Thumb Code     0  libspace.o(.text)
    _sys_exit                                0x00000719   Thumb Code     8  sys_exit.o(.text)
    __I$use$semihosting                      0x00000725   Thumb Code     0  use_no_semi.o(.text)
    __use_no_semihosting_swi                 0x00000725   Thumb Code     2  use_no_semi.o(.text)
    __semihosting_library_function           0x00000727   Thumb Code     0  indicate_semi.o(.text)
    SetSysClock_80MHz                        0x00000729   Thumb Code    12  main.o(.text.SetSysClock_80MHz)
    SysCtlClockSet                           0x00000735   Thumb Code   270  sysctl.o(i.SysCtlClockSet)
    SystemInit                               0x00000855   Thumb Code   112  system_tm4c123.o(i.SystemInit)
    U0_GPIO                                  0x000008ed   Thumb Code   196  main.o(i.U0_GPIO)
    U0_Setup                                 0x000009d1   Thumb Code    52  main.o(i.U0_Setup)
    __hardfp_round                           0x00000a11   Thumb Code   194  round.o(i.__hardfp_round)
    adc_setup                                0x00000af1   Thumb Code   284  main.o(i.adc_setup)
    contact                                  0x00000c25   Thumb Code    74  main.o(i.contact)
    delay                                    0x00000c6f   Thumb Code    28  main.o(i.delay)
    led_scores                               0x00000c8d   Thumb Code    92  main.o(i.led_scores)
    main                                     0x00000cf1   Thumb Code   630  main.o(i.main)
    print_game                               0x00000f8d   Thumb Code   256  main.o(i.print_game)
    print_uart                               0x0000108d   Thumb Code    72  main.o(i.print_uart)
    read_adc_0                               0x000010f1   Thumb Code    36  main.o(i.read_adc_0)
    read_adc_1                               0x00001119   Thumb Code    36  main.o(i.read_adc_1)
    reset                                    0x00001141   Thumb Code    24  main.o(i.reset)
    write                                    0x00001159   Thumb Code    26  main.o(i.write)
    __aeabi_dadd                             0x00001179   Thumb Code     0  daddsub_clz.o(x$fpl$dadd)
    _dadd                                    0x00001179   Thumb Code   332  daddsub_clz.o(x$fpl$dadd)
    __fpl_dcmp_Inf                           0x000012c9   Thumb Code    24  dcmpi.o(x$fpl$dcmpinf)
    __aeabi_d2iz                             0x000012e1   Thumb Code     0  dfix.o(x$fpl$dfix)
    _dfix                                    0x000012e1   Thumb Code    94  dfix.o(x$fpl$dfix)
    __aeabi_i2d                              0x0000133f   Thumb Code     0  dflt_clz.o(x$fpl$dflt)
    _dflt                                    0x0000133f   Thumb Code    46  dflt_clz.o(x$fpl$dflt)
    __aeabi_cdcmple                          0x0000136d   Thumb Code     0  dleqf.o(x$fpl$dleqf)
    _dcmple                                  0x0000136d   Thumb Code   120  dleqf.o(x$fpl$dleqf)
    __fpl_dcmple_InfNaN                      0x000013cf   Thumb Code     0  dleqf.o(x$fpl$dleqf)
    __fpl_dnaninf                            0x000013e5   Thumb Code   156  dnaninf.o(x$fpl$dnaninf)
    __fpl_dretinf                            0x00001481   Thumb Code    12  dretinf.o(x$fpl$dretinf)
    __aeabi_cdrcmple                         0x0000148d   Thumb Code     0  drleqf.o(x$fpl$drleqf)
    _drcmple                                 0x0000148d   Thumb Code   108  drleqf.o(x$fpl$drleqf)
    _drnd                                    0x000014f9   Thumb Code   180  drnd.o(x$fpl$drnd)
    __aeabi_dsub                             0x000015ad   Thumb Code     0  daddsub_clz.o(x$fpl$dsub)
    _dsub                                    0x000015ad   Thumb Code   464  daddsub_clz.o(x$fpl$dsub)
    _fp_init                                 0x00001781   Thumb Code    10  fpinit.o(x$fpl$fpinit)
    __fplib_config_fpu_vfp                   0x00001789   Thumb Code     0  fpinit.o(x$fpl$fpinit)
    __fplib_config_pureend_doubles           0x00001789   Thumb Code     0  fpinit.o(x$fpl$fpinit)
    __I$use$fp                               0x0000178a   Number         0  usenofp.o(x$fpl$usenofp)
    Region$$Table$$Base                      0x000017e8   Number         0  anon$$obj.o(Region$$Table)
    Region$$Table$$Limit                     0x000017f8   Number         0  anon$$obj.o(Region$$Table)
    __libspace_start                         0x20000000   Data          96  libspace.o(.bss)
    __temporary_stack_top$libspace           0x20000060   Data           0  libspace.o(.bss)



==============================================================================

Memory Map of the image

  Image Entry point : 0x00000301

  Load Region LR_1 (Base: 0x00000000, Size: 0x000017f8, Max: 0xffffffff, ABSOLUTE)

    Execution Region ER_RO (Exec base: 0x00000000, Load base: 0x00000000, Size: 0x000017f8, Max: 0xffffffff, ABSOLUTE)

    Exec Addr    Load Addr    Size         Type   Attr      Idx    E Section Name        Object

    0x00000000   0x00000000   0x0000026c   Data   RO          116    RESET               startup_tm4c123.o
    0x0000026c   0x0000026c   0x00000008   Code   RO          726  * !!!main             c_w.l(__main.o)
    0x00000274   0x00000274   0x00000034   Code   RO          925    !!!scatter          c_w.l(__scatter.o)
    0x000002a8   0x000002a8   0x0000001c   Code   RO          927    !!handler_zi        c_w.l(__scatter_zi.o)
    0x000002c4   0x000002c4   0x00000000   Code   RO          719    .ARM.Collect$$_printf_percent$$00000000  c_w.l(_printf_percent.o)
    0x000002c4   0x000002c4   0x00000006   Code   RO          718    .ARM.Collect$$_printf_percent$$00000009  c_w.l(_printf_d.o)
    0x000002ca   0x000002ca   0x00000004   Code   RO          749    .ARM.Collect$$_printf_percent$$00000017  c_w.l(_printf_percent_end.o)
    0x000002ce   0x000002ce   0x00000002   Code   RO          795    .ARM.Collect$$libinit$$00000000  c_w.l(libinit.o)
    0x000002d0   0x000002d0   0x00000004   Code   RO          801    .ARM.Collect$$libinit$$00000001  c_w.l(libinit2.o)
    0x000002d4   0x000002d4   0x00000000   Code   RO          804    .ARM.Collect$$libinit$$00000004  c_w.l(libinit2.o)
    0x000002d4   0x000002d4   0x00000000   Code   RO          807    .ARM.Collect$$libinit$$0000000A  c_w.l(libinit2.o)
    0x000002d4   0x000002d4   0x00000000   Code   RO          809    .ARM.Collect$$libinit$$0000000C  c_w.l(libinit2.o)
    0x000002d4   0x000002d4   0x00000000   Code   RO          811    .ARM.Collect$$libinit$$0000000E  c_w.l(libinit2.o)
    0x000002d4   0x000002d4   0x00000000   Code   RO          814    .ARM.Collect$$libinit$$00000011  c_w.l(libinit2.o)
    0x000002d4   0x000002d4   0x00000000   Code   RO          816    .ARM.Collect$$libinit$$00000013  c_w.l(libinit2.o)
    0x000002d4   0x000002d4   0x00000000   Code   RO          818    .ARM.Collect$$libinit$$00000015  c_w.l(libinit2.o)
    0x000002d4   0x000002d4   0x00000000   Code   RO          820    .ARM.Collect$$libinit$$00000017  c_w.l(libinit2.o)
    0x000002d4   0x000002d4   0x00000000   Code   RO          822    .ARM.Collect$$libinit$$00000019  c_w.l(libinit2.o)
    0x000002d4   0x000002d4   0x00000000   Code   RO          824    .ARM.Collect$$libinit$$0000001B  c_w.l(libinit2.o)
    0x000002d4   0x000002d4   0x00000000   Code   RO          826    .ARM.Collect$$libinit$$0000001D  c_w.l(libinit2.o)
    0x000002d4   0x000002d4   0x00000000   Code   RO          828    .ARM.Collect$$libinit$$0000001F  c_w.l(libinit2.o)
    0x000002d4   0x000002d4   0x00000000   Code   RO          830    .ARM.Collect$$libinit$$00000021  c_w.l(libinit2.o)
    0x000002d4   0x000002d4   0x00000000   Code   RO          832    .ARM.Collect$$libinit$$00000023  c_w.l(libinit2.o)
    0x000002d4   0x000002d4   0x00000000   Code   RO          834    .ARM.Collect$$libinit$$00000025  c_w.l(libinit2.o)
    0x000002d4   0x000002d4   0x00000000   Code   RO          838    .ARM.Collect$$libinit$$0000002C  c_w.l(libinit2.o)
    0x000002d4   0x000002d4   0x00000000   Code   RO          840    .ARM.Collect$$libinit$$0000002E  c_w.l(libinit2.o)
    0x000002d4   0x000002d4   0x00000000   Code   RO          842    .ARM.Collect$$libinit$$00000030  c_w.l(libinit2.o)
    0x000002d4   0x000002d4   0x00000000   Code   RO          844    .ARM.Collect$$libinit$$00000032  c_w.l(libinit2.o)
    0x000002d4   0x000002d4   0x00000002   Code   RO          845    .ARM.Collect$$libinit$$00000033  c_w.l(libinit2.o)
    0x000002d6   0x000002d6   0x00000002   Code   RO          865    .ARM.Collect$$libshutdown$$00000000  c_w.l(libshutdown.o)
    0x000002d8   0x000002d8   0x00000000   Code   RO          878    .ARM.Collect$$libshutdown$$00000002  c_w.l(libshutdown2.o)
    0x000002d8   0x000002d8   0x00000000   Code   RO          880    .ARM.Collect$$libshutdown$$00000004  c_w.l(libshutdown2.o)
    0x000002d8   0x000002d8   0x00000000   Code   RO          883    .ARM.Collect$$libshutdown$$00000007  c_w.l(libshutdown2.o)
    0x000002d8   0x000002d8   0x00000000   Code   RO          886    .ARM.Collect$$libshutdown$$0000000A  c_w.l(libshutdown2.o)
    0x000002d8   0x000002d8   0x00000000   Code   RO          888    .ARM.Collect$$libshutdown$$0000000C  c_w.l(libshutdown2.o)
    0x000002d8   0x000002d8   0x00000000   Code   RO          891    .ARM.Collect$$libshutdown$$0000000F  c_w.l(libshutdown2.o)
    0x000002d8   0x000002d8   0x00000002   Code   RO          892    .ARM.Collect$$libshutdown$$00000010  c_w.l(libshutdown2.o)
    0x000002da   0x000002da   0x00000000   Code   RO          742    .ARM.Collect$$rtentry$$00000000  c_w.l(__rtentry.o)
    0x000002da   0x000002da   0x00000000   Code   RO          766    .ARM.Collect$$rtentry$$00000002  c_w.l(__rtentry2.o)
    0x000002da   0x000002da   0x00000006   Code   RO          778    .ARM.Collect$$rtentry$$00000004  c_w.l(__rtentry4.o)
    0x000002e0   0x000002e0   0x00000000   Code   RO          768    .ARM.Collect$$rtentry$$00000009  c_w.l(__rtentry2.o)
    0x000002e0   0x000002e0   0x00000004   Code   RO          769    .ARM.Collect$$rtentry$$0000000A  c_w.l(__rtentry2.o)
    0x000002e4   0x000002e4   0x00000000   Code   RO          771    .ARM.Collect$$rtentry$$0000000C  c_w.l(__rtentry2.o)
    0x000002e4   0x000002e4   0x00000008   Code   RO          772    .ARM.Collect$$rtentry$$0000000D  c_w.l(__rtentry2.o)
    0x000002ec   0x000002ec   0x00000002   Code   RO          799    .ARM.Collect$$rtexit$$00000000  c_w.l(rtexit.o)
    0x000002ee   0x000002ee   0x00000000   Code   RO          847    .ARM.Collect$$rtexit$$00000002  c_w.l(rtexit2.o)
    0x000002ee   0x000002ee   0x00000004   Code   RO          848    .ARM.Collect$$rtexit$$00000003  c_w.l(rtexit2.o)
    0x000002f2   0x000002f2   0x00000006   Code   RO          849    .ARM.Collect$$rtexit$$00000004  c_w.l(rtexit2.o)
    0x000002f8   0x000002f8   0x00000006   Code   RO          193    .emb_text           SysClock.lib(sysctl.o)
    0x000002fe   0x000002fe   0x00000002   PAD
    0x00000300   0x00000300   0x00000114   Code   RO          117  * .text               startup_tm4c123.o
    0x00000414   0x00000414   0x00000028   Code   RO          692    .text               c_w.l(noretval__2sprintf.o)
    0x0000043c   0x0000043c   0x00000068   Code   RO          694    .text               c_w.l(__printf.o)
    0x000004a4   0x000004a4   0x00000078   Code   RO          696    .text               c_w.l(_printf_dec.o)
    0x0000051c   0x0000051c   0x0000003e   Code   RO          720    .text               c_w.l(strlen.o)
    0x0000055a   0x0000055a   0x00000064   Code   RO          722    .text               c_w.l(rt_memcpy_w.o)
    0x000005be   0x000005be   0x00000006   Code   RO          724    .text               c_w.l(heapauxi.o)
    0x000005c4   0x000005c4   0x000000b2   Code   RO          743    .text               c_w.l(_printf_intcommon.o)
    0x00000676   0x00000676   0x00000002   PAD
    0x00000678   0x00000678   0x00000030   Code   RO          745    .text               c_w.l(_printf_char_common.o)
    0x000006a8   0x000006a8   0x0000000a   Code   RO          747    .text               c_w.l(_sputc.o)
    0x000006b2   0x000006b2   0x0000004a   Code   RO          786    .text               c_w.l(sys_stackheap_outer.o)
    0x000006fc   0x000006fc   0x00000012   Code   RO          788    .text               c_w.l(exit.o)
    0x0000070e   0x0000070e   0x00000002   PAD
    0x00000710   0x00000710   0x00000008   Code   RO          796    .text               c_w.l(libspace.o)
    0x00000718   0x00000718   0x0000000c   Code   RO          857    .text               c_w.l(sys_exit.o)
    0x00000724   0x00000724   0x00000002   Code   RO          868    .text               c_w.l(use_no_semi.o)
    0x00000726   0x00000726   0x00000000   Code   RO          870    .text               c_w.l(indicate_semi.o)
    0x00000726   0x00000726   0x00000002   PAD
    0x00000728   0x00000728   0x0000000c   Code   RO          186    .text.SetSysClock_80MHz  SysClock.lib(main.o)
    0x00000734   0x00000734   0x00000120   Code   RO          198    i.SysCtlClockSet    SysClock.lib(sysctl.o)
    0x00000854   0x00000854   0x00000098   Code   RO          126    i.SystemInit        system_tm4c123.o
    0x000008ec   0x000008ec   0x000000e4   Code   RO            1    i.U0_GPIO           main.o
    0x000009d0   0x000009d0   0x0000003c   Code   RO            2    i.U0_Setup          main.o
    0x00000a0c   0x00000a0c   0x00000004   PAD
    0x00000a10   0x00000a10   0x000000e0   Code   RO          738    i.__hardfp_round    m_wm.l(round.o)
    0x00000af0   0x00000af0   0x00000134   Code   RO            3    i.adc_setup         main.o
    0x00000c24   0x00000c24   0x0000004a   Code   RO            4    i.contact           main.o
    0x00000c6e   0x00000c6e   0x0000001c   Code   RO            5    i.delay             main.o
    0x00000c8a   0x00000c8a   0x00000002   PAD
    0x00000c8c   0x00000c8c   0x00000064   Code   RO            6    i.led_scores        main.o
    0x00000cf0   0x00000cf0   0x0000029c   Code   RO            7    i.main              main.o
    0x00000f8c   0x00000f8c   0x00000100   Code   RO            8    i.print_game        main.o
    0x0000108c   0x0000108c   0x00000064   Code   RO            9    i.print_uart        main.o
    0x000010f0   0x000010f0   0x00000028   Code   RO           11    i.read_adc_0        main.o
    0x00001118   0x00001118   0x00000028   Code   RO           12    i.read_adc_1        main.o
    0x00001140   0x00001140   0x00000018   Code   RO           13    i.reset             main.o
    0x00001158   0x00001158   0x00000020   Code   RO           14    i.write             main.o
    0x00001178   0x00001178   0x00000150   Code   RO          750    x$fpl$dadd          fz_wm.l(daddsub_clz.o)
    0x000012c8   0x000012c8   0x00000018   Code   RO          782    x$fpl$dcmpinf       fz_wm.l(dcmpi.o)
    0x000012e0   0x000012e0   0x0000005e   Code   RO          728    x$fpl$dfix          fz_wm.l(dfix.o)
    0x0000133e   0x0000133e   0x0000002e   Code   RO          733    x$fpl$dflt          fz_wm.l(dflt_clz.o)
    0x0000136c   0x0000136c   0x00000078   Code   RO          756    x$fpl$dleqf         fz_wm.l(dleqf.o)
    0x000013e4   0x000013e4   0x0000009c   Code   RO          758    x$fpl$dnaninf       fz_wm.l(dnaninf.o)
    0x00001480   0x00001480   0x0000000c   Code   RO          784    x$fpl$dretinf       fz_wm.l(dretinf.o)
    0x0000148c   0x0000148c   0x0000006c   Code   RO          760    x$fpl$drleqf        fz_wm.l(drleqf.o)
    0x000014f8   0x000014f8   0x000000b4   Code   RO          762    x$fpl$drnd          fz_wm.l(drnd.o)
    0x000015ac   0x000015ac   0x000001d4   Code   RO          752    x$fpl$dsub          fz_wm.l(daddsub_clz.o)
    0x00001780   0x00001780   0x0000000a   Code   RO          855    x$fpl$fpinit        fz_wm.l(fpinit.o)
    0x0000178a   0x0000178a   0x00000000   Code   RO          764    x$fpl$usenofp       fz_wm.l(usenofp.o)
    0x0000178a   0x0000178a   0x00000002   PAD
    0x0000178c   0x0000178c   0x0000005b   Data   RO           15    .constdata          main.o
    0x000017e7   0x000017e7   0x00000001   PAD
    0x000017e8   0x000017e8   0x00000010   Data   RO          923    Region$$Table       anon$$obj.o


    Execution Region ER_RW (Exec base: 0x20000000, Load base: 0x000017f8, Size: 0x00000000, Max: 0xffffffff, ABSOLUTE)

    **** No section assigned to this execution region ****


    Execution Region ER_ZI (Exec base: 0x20000000, Load base: 0x000017f8, Size: 0x00000260, Max: 0xffffffff, ABSOLUTE)

    Exec Addr    Load Addr    Size         Type   Attr      Idx    E Section Name        Object

    0x20000000        -       0x00000060   Zero   RW          797    .bss                c_w.l(libspace.o)
    0x20000060        -       0x00000000   Zero   RW          115    HEAP                startup_tm4c123.o
    0x20000060        -       0x00000200   Zero   RW          114    STACK               startup_tm4c123.o


==============================================================================

Image component sizes


      Code (inc. data)   RO Data    RW Data    ZI Data      Debug   Object Name

      1958        152         91          0          0      13187   main.o
       276         24        620          0        512       5476   startup_tm4c123.o
       152         40          0          0          0        589   system_tm4c123.o

    ----------------------------------------------------------------------
      2392        220        728          0        512      19252   Object Totals
         0          0         16          0          0          0   (incl. Generated)
         6          4          1          0          0          0   (incl. Padding)

    ----------------------------------------------------------------------

      Code (inc. data)   RO Data    RW Data    ZI Data      Debug   Library Member Name

        12          4          0          0          0        355   main.o
       294         18          0          0          0       4293   sysctl.o
         8          0          0          0          0         68   __main.o
       104          0          0          0          0         84   __printf.o
         0          0          0          0          0          0   __rtentry.o
        12          0          0          0          0          0   __rtentry2.o
         6          0          0          0          0          0   __rtentry4.o
        52          8          0          0          0          0   __scatter.o
        28          0          0          0          0          0   __scatter_zi.o
        48          6          0          0          0         96   _printf_char_common.o
         6          0          0          0          0          0   _printf_d.o
       120         16          0          0          0         92   _printf_dec.o
       178          0          0          0          0         88   _printf_intcommon.o
         0          0          0          0          0          0   _printf_percent.o
         4          0          0          0          0          0   _printf_percent_end.o
        10          0          0          0          0         68   _sputc.o
        18          0          0          0          0         80   exit.o
         6          0          0          0          0        152   heapauxi.o
         0          0          0          0          0          0   indicate_semi.o
         2          0          0          0          0          0   libinit.o
         6          0          0          0          0          0   libinit2.o
         2          0          0          0          0          0   libshutdown.o
         2          0          0          0          0          0   libshutdown2.o
         8          4          0          0         96         68   libspace.o
        40          6          0          0          0         84   noretval__2sprintf.o
       100          0          0          0          0         80   rt_memcpy_w.o
         2          0          0          0          0          0   rtexit.o
        10          0          0          0          0          0   rtexit2.o
        62          0          0          0          0         76   strlen.o
        12          4          0          0          0         68   sys_exit.o
        74          0          0          0          0         80   sys_stackheap_outer.o
         2          0          0          0          0         68   use_no_semi.o
       804         16          0          0          0        368   daddsub_clz.o
        24          0          0          0          0        116   dcmpi.o
        94          4          0          0          0        140   dfix.o
        46          0          0          0          0        116   dflt_clz.o
       120          4          0          0          0        140   dleqf.o
       156          4          0          0          0        140   dnaninf.o
        12          0          0          0          0        116   dretinf.o
       108          0          0          0          0        128   drleqf.o
       180          4          0          0          0        128   drnd.o
        10          0          0          0          0        116   fpinit.o
         0          0          0          0          0          0   usenofp.o
       224         30          0          0          0        172   round.o

    ----------------------------------------------------------------------
      3016        128          0          0         96       7580   Library Totals
        10          0          0          0          0          0   (incl. Padding)

    ----------------------------------------------------------------------

      Code (inc. data)   RO Data    RW Data    ZI Data      Debug   Library Name

       306         22          0          0          0       4648   SysClock.lib
       922         44          0          0         96       1252   c_w.l
      1554         32          0          0          0       1508   fz_wm.l
       224         30          0          0          0        172   m_wm.l

    ----------------------------------------------------------------------
      3016        128          0          0         96       7580   Library Totals

    ----------------------------------------------------------------------

==============================================================================


      Code (inc. data)   RO Data    RW Data    ZI Data      Debug   

      5408        348        728          0        608      23892   Grand Totals
      5408        348        728          0        608      23892   ELF Image Totals
      5408        348        728          0          0          0   ROM Totals

==============================================================================

    Total RO  Size (Code + RO Data)                 6136 (   5.99kB)
    Total RW  Size (RW Data + ZI Data)               608 (   0.59kB)
    Total ROM Size (Code + RO Data + RW Data)       6136 (   5.99kB)

==============================================================================

